Component: ARM Compiler 5.06 update 6 (build 750) Tool: armlink [4d35ed]

==============================================================================

Section Cross References

    adis.o(i.ADIS_Burst) refers to spi.o(i.SPI1_Read) for SPI1_Read
    adis.o(i.ADIS_Init) refers to spi.o(i.SPI1_Init) for SPI1_Init
    adis.o(i.ADIS_Init) refers to spi.o(i.SPI1_Read) for SPI1_Read
    display.o(i.k_draw_line) refers to display.o(i.swipe) for swipe
    display.o(i.k_draw_line) refers to display.o(i.k_draw) for k_draw
    display.o(i.k_print_string) refers to display.o(i.k_printchar) for k_printchar
    display.o(i.k_print_string) refers to display.o(.data) for A
    display.o(i.k_print_string_invers) refers to display.o(i.k_printchar) for k_printchar
    display.o(i.k_print_string_invers) refers to display.o(.data) for A
    ltdc.o(i.LCD_WriteCommand) refers to ltdc.o(i.WRX_Off) for WRX_Off
    ltdc.o(i.LCD_WriteCommand) refers to ltdc.o(i.CS_Off) for CS_Off
    ltdc.o(i.LCD_WriteCommand) refers to ltdc.o(i.CS_On) for CS_On
    ltdc.o(i.LCD_WriteData) refers to ltdc.o(i.WRX_On) for WRX_On
    ltdc.o(i.LCD_WriteData) refers to ltdc.o(i.CS_Off) for CS_Off
    ltdc.o(i.LCD_WriteData) refers to ltdc.o(i.CS_On) for CS_On
    ltdc.o(i.LTDC_Init) refers to ltdc.o(i.LCD_WriteCommand) for LCD_WriteCommand
    ltdc.o(i.LTDC_Init) refers to ltdc.o(i.LCD_WriteData) for LCD_WriteData
    ltdc.o(i.LTDC_Init) refers to ltdc.o(.bss) for DISPLAY
    main.o(i.ADIS_View) refers to _printf_pad.o(.text) for _printf_pre_padding
    main.o(i.ADIS_View) refers to _printf_percent.o(.ARM.Collect$$_printf_percent$$00000000) for _printf_percent
    main.o(i.ADIS_View) refers to _printf_f.o(.ARM.Collect$$_printf_percent$$00000003) for _printf_f
    main.o(i.ADIS_View) refers to printf1.o(x$fpl$printf1) for _printf_fp_dec
    main.o(i.ADIS_View) refers to adis.o(i.ADIS_Burst) for ADIS_Burst
    main.o(i.ADIS_View) refers to display.o(i.k_print_string) for k_print_string
    main.o(i.ADIS_View) refers to main.o(i.median) for median
    main.o(i.ADIS_View) refers to dflt_clz.o(x$fpl$dflt) for __aeabi_i2d
    main.o(i.ADIS_View) refers to ddiv.o(x$fpl$ddiv) for __aeabi_ddiv
    main.o(i.ADIS_View) refers to daddsub_clz.o(x$fpl$dadd) for __aeabi_dadd
    main.o(i.ADIS_View) refers to noretval__2sprintf.o(.text) for __2sprintf
    main.o(i.ADIS_View) refers to dmul.o(x$fpl$dmul) for __aeabi_dmul
    main.o(i.ADIS_View) refers to display.o(i.k_print_string_invers) for k_print_string_invers
    main.o(i.ADIS_View) refers to ltdc.o(.bss) for DISPLAY
    main.o(i.ADIS_View) refers to main.o(.data) for temp_text
    main.o(i.ADIS_View) refers to main.o(.conststring) for .conststring
    main.o(i.ADIS_View) refers to main.o(.bss) for ADIS_Res
    main.o(i.ADXL345_View) refers to _printf_pad.o(.text) for _printf_pre_padding
    main.o(i.ADXL345_View) refers to _printf_percent.o(.ARM.Collect$$_printf_percent$$00000000) for _printf_percent
    main.o(i.ADXL345_View) refers to _printf_f.o(.ARM.Collect$$_printf_percent$$00000003) for _printf_f
    main.o(i.ADXL345_View) refers to printf1.o(x$fpl$printf1) for _printf_fp_dec
    main.o(i.ADXL345_View) refers to adxl345.o(i.ADXL345_Burst) for ADXL345_Burst
    main.o(i.ADXL345_View) refers to main.o(i.median) for median
    main.o(i.ADXL345_View) refers to dflt_clz.o(x$fpl$dflt) for __aeabi_i2d
    main.o(i.ADXL345_View) refers to dmul.o(x$fpl$dmul) for __aeabi_dmul
    main.o(i.ADXL345_View) refers to display.o(i.k_print_string) for k_print_string
    main.o(i.ADXL345_View) refers to noretval__2sprintf.o(.text) for __2sprintf
    main.o(i.ADXL345_View) refers to display.o(i.k_print_string_invers) for k_print_string_invers
    main.o(i.ADXL345_View) refers to ltdc.o(.bss) for DISPLAY
    main.o(i.ADXL345_View) refers to main.o(.data) for acc_text
    main.o(i.ADXL345_View) refers to main.o(.bss) for ADXL345_Res
    main.o(i.EXT0_Init) refers to main.o(i.__NVIC_EnableIRQ) for __NVIC_EnableIRQ
    main.o(i.EXTI0_IRQHandler) refers to main.o(.data) for corrent_counter
    main.o(i.L3GD20_View) refers to _printf_pad.o(.text) for _printf_pre_padding
    main.o(i.L3GD20_View) refers to _printf_percent.o(.ARM.Collect$$_printf_percent$$00000000) for _printf_percent
    main.o(i.L3GD20_View) refers to _printf_f.o(.ARM.Collect$$_printf_percent$$00000003) for _printf_f
    main.o(i.L3GD20_View) refers to printf1.o(x$fpl$printf1) for _printf_fp_dec
    main.o(i.L3GD20_View) refers to l3gd20.o(i.L3GD20_Burst) for L3GD20_Burst
    main.o(i.L3GD20_View) refers to main.o(i.median) for median
    main.o(i.L3GD20_View) refers to dflt_clz.o(x$fpl$dflt) for __aeabi_i2d
    main.o(i.L3GD20_View) refers to dmul.o(x$fpl$dmul) for __aeabi_dmul
    main.o(i.L3GD20_View) refers to display.o(i.k_print_string) for k_print_string
    main.o(i.L3GD20_View) refers to noretval__2sprintf.o(.text) for __2sprintf
    main.o(i.L3GD20_View) refers to display.o(i.k_print_string_invers) for k_print_string_invers
[...]
    libinit2.o(.ARM.Collect$$libinit$$00000001) refers to fpinit.o(x$fpl$fpinit) for _fp_init
    libinit2.o(.ARM.Collect$$libinit$$0000000F) refers (Weak) to rt_locale_intlibspace.o(.text) for __rt_locale
    libinit2.o(.ARM.Collect$$libinit$$00000010) refers to libinit2.o(.ARM.Collect$$libinit$$0000000F) for .ARM.Collect$$libinit$$0000000F
    libinit2.o(.ARM.Collect$$libinit$$00000012) refers to libinit2.o(.ARM.Collect$$libinit$$0000000F) for .ARM.Collect$$libinit$$0000000F
    libinit2.o(.ARM.Collect$$libinit$$00000014) refers to libinit2.o(.ARM.Collect$$libinit$$0000000F) for .ARM.Collect$$libinit$$0000000F
    libinit2.o(.ARM.Collect$$libinit$$00000016) refers to libinit2.o(.ARM.Collect$$libinit$$0000000F) for .ARM.Collect$$libinit$$0000000F
    libinit2.o(.ARM.Collect$$libinit$$00000016) refers (Weak) to lc_numeric_c.o(locale$$code) for _get_lc_numeric
    libinit2.o(.ARM.Collect$$libinit$$00000018) refers to libinit2.o(.ARM.Collect$$libinit$$0000000F) for .ARM.Collect$$libinit$$0000000F
    libinit2.o(.ARM.Collect$$libinit$$00000026) refers to argv_veneer.o(.emb_text) for __ARM_argv_veneer
    libinit2.o(.ARM.Collect$$libinit$$00000027) refers to argv_veneer.o(.emb_text) for __ARM_argv_veneer
    rtexit.o(.ARM.Collect$$rtexit$$00000000) refers (Special) to rtexit2.o(.ARM.Collect$$rtexit$$00000004) for __rt_exit_exit
    rtexit.o(.ARM.Collect$$rtexit$$00000000) refers (Special) to rtexit2.o(.ARM.Collect$$rtexit$$00000003) for __rt_exit_ls
    rtexit.o(.ARM.Collect$$rtexit$$00000000) refers (Special) to rtexit2.o(.ARM.Collect$$rtexit$$00000002) for __rt_exit_prels_1
    rtexit.o(.ARM.exidx) refers (Special) to rtexit2.o(.ARM.Collect$$rtexit$$00000004) for __rt_exit_exit
    rtexit.o(.ARM.exidx) refers (Special) to rtexit2.o(.ARM.Collect$$rtexit$$00000003) for __rt_exit_ls
    rtexit.o(.ARM.exidx) refers (Special) to rtexit2.o(.ARM.Collect$$rtexit$$00000002) for __rt_exit_prels_1
    rtexit.o(.ARM.exidx) refers to rtexit.o(.ARM.Collect$$rtexit$$00000000) for .ARM.Collect$$rtexit$$00000000
    argv_veneer.o(.emb_text) refers to no_argv.o(.text) for __ARM_get_argv
    rtexit2.o(.ARM.Collect$$rtexit$$00000003) refers to libshutdown.o(.ARM.Collect$$libshutdown$$00000000) for __rt_lib_shutdown
    rtexit2.o(.ARM.Collect$$rtexit$$00000004) refers to sys_exit.o(.text) for _sys_exit
    rtexit2.o(.ARM.exidx) refers to rtexit2.o(.ARM.Collect$$rtexit$$00000001) for .ARM.Collect$$rtexit$$00000001
    rtexit2.o(.ARM.exidx) refers to rtexit2.o(.ARM.Collect$$rtexit$$00000003) for .ARM.Collect$$rtexit$$00000003
    rtexit2.o(.ARM.exidx) refers to rtexit2.o(.ARM.Collect$$rtexit$$00000004) for .ARM.Collect$$rtexit$$00000004
    _get_argv_nomalloc.o(.text) refers (Special) to hrguard.o(.text) for __heap_region$guard
    _get_argv_nomalloc.o(.text) refers to defsig_rtmem_outer.o(.text) for __rt_SIGRTMEM
    _get_argv_nomalloc.o(.text) refers to sys_command.o(.text) for _sys_command_string
    sys_command.o(.text) refers (Special) to use_no_semi.o(.text) for __I$use$semihosting
    sys_command.o(.text) refers (Special) to indicate_semi.o(.text) for __semihosting_library_function
    sys_exit.o(.text) refers (Special) to use_no_semi.o(.text) for __I$use$semihosting
    sys_exit.o(.text) refers (Special) to indicate_semi.o(.text) for __semihosting_library_function
    defsig_rtmem_outer.o(.text) refers to defsig_rtmem_inner.o(.text) for __rt_SIGRTMEM_inner
    defsig_rtmem_outer.o(.text) refers to defsig_exit.o(.text) for __sig_exit
    defsig_rtmem_formal.o(.text) refers to rt_raise.o(.text) for __rt_raise
    libshutdown.o(.ARM.Collect$$libshutdown$$00000000) refers (Special) to libshutdown2.o(.ARM.Collect$$libshutdown$$00000002) for __rt_lib_shutdown_cpp_1
    libshutdown.o(.ARM.Collect$$libshutdown$$00000000) refers (Special) to libshutdown2.o(.ARM.Collect$$libshutdown$$00000007) for __rt_lib_shutdown_fp_trap_1
    libshutdown.o(.ARM.Collect$$libshutdown$$00000000) refers (Special) to libshutdown2.o(.ARM.Collect$$libshutdown$$0000000F) for __rt_lib_shutdown_heap_1
    libshutdown.o(.ARM.Collect$$libshutdown$$00000000) refers (Special) to libshutdown2.o(.ARM.Collect$$libshutdown$$00000010) for __rt_lib_shutdown_return
    libshutdown.o(.ARM.Collect$$libshutdown$$00000000) refers (Special) to libshutdown2.o(.ARM.Collect$$libshutdown$$0000000A) for __rt_lib_shutdown_signal_1
    libshutdown.o(.ARM.Collect$$libshutdown$$00000000) refers (Special) to libshutdown2.o(.ARM.Collect$$libshutdown$$00000004) for __rt_lib_shutdown_stdio_1
    libshutdown.o(.ARM.Collect$$libshutdown$$00000000) refers (Special) to libshutdown2.o(.ARM.Collect$$libshutdown$$0000000C) for __rt_lib_shutdown_user_alloc_1
    rt_raise.o(.text) refers to __raise.o(.text) for __raise
    rt_raise.o(.text) refers to sys_exit.o(.text) for _sys_exit
    defsig_exit.o(.text) refers to sys_exit.o(.text) for _sys_exit
    defsig_rtmem_inner.o(.text) refers to defsig_general.o(.text) for __default_signal_display
    __raise.o(.text) refers to defsig.o(CL$$defsig) for __default_signal_handler
    defsig_general.o(.text) refers to sys_wrch.o(.text) for _ttywrch
    sys_wrch.o(.text) refers (Special) to use_no_semi.o(.text) for __I$use$semihosting
    sys_wrch.o(.text) refers (Special) to indicate_semi.o(.text) for __semihosting_library_function
    defsig.o(CL$$defsig) refers to defsig_rtmem_inner.o(.text) for __rt_SIGRTMEM_inner
    defsig_abrt_inner.o(.text) refers to defsig_general.o(.text) for __default_signal_display
    defsig_fpe_inner.o(.text) refers to defsig_general.o(.text) for __default_signal_display
    defsig_rtred_inner.o(.text) refers to defsig_general.o(.text) for __default_signal_display
    defsig_stak_inner.o(.text) refers to defsig_general.o(.text) for __default_signal_display
    defsig_pvfn_inner.o(.text) refers to defsig_general.o(.text) for __default_signal_display
    defsig_cppl_inner.o(.text) refers to defsig_general.o(.text) for __default_signal_display
    defsig_segv_inner.o(.text) refers to defsig_general.o(.text) for __default_signal_display
    defsig_other.o(.text) refers to defsig_general.o(.text) for __default_signal_display


==============================================================================

Removing Unused input sections from the image.

    Removing adis.o(.rev16_text), (4 bytes).
    Removing adis.o(.revsh_text), (4 bytes).
    Removing adis.o(.rrx_text), (6 bytes).
    Removing display.o(i.k_draw), (14 bytes).
    Removing display.o(i.k_draw_line), (286 bytes).
    Removing display.o(i.k_rect), (50 bytes).
    Removing display.o(i.swipe), (10 bytes).
    Removing ltdc.o(.rev16_text), (4 bytes).
    Removing ltdc.o(.revsh_text), (4 bytes).
    Removing ltdc.o(.rrx_text), (6 bytes).
    Removing main.o(.rev16_text), (4 bytes).
    Removing main.o(.revsh_text), (4 bytes).
    Removing main.o(.rrx_text), (6 bytes).
    Removing rcc.o(.rev16_text), (4 bytes).
    Removing rcc.o(.revsh_text), (4 bytes).
    Removing rcc.o(.rrx_text), (6 bytes).
    Removing spi.o(.rev16_text), (4 bytes).
    Removing spi.o(.revsh_text), (4 bytes).
    Removing spi.o(.rrx_text), (6 bytes).
    Removing spi.o(i.SPI1_Write), (88 bytes).
    Removing l3gd20.o(.rev16_text), (4 bytes).
    Removing l3gd20.o(.revsh_text), (4 bytes).
    Removing l3gd20.o(.rrx_text), (6 bytes).
    Removing adxl345.o(.rev16_text), (4 bytes).
    Removing adxl345.o(.revsh_text), (4 bytes).
    Removing adxl345.o(.rrx_text), (6 bytes).
    Removing usart.o(.rev16_text), (4 bytes).
    Removing usart.o(.revsh_text), (4 bytes).
    Removing usart.o(.rrx_text), (6 bytes).
    Removing system_stm32f4xx.o(.rev16_text), (4 bytes).
    Removing system_stm32f4xx.o(.revsh_text), (4 bytes).
    Removing system_stm32f4xx.o(.rrx_text), (6 bytes).
    Removing system_stm32f4xx.o(i.SystemCoreClockUpdate), (192 bytes).
    Removing system_stm32f4xx.o(.constdata), (24 bytes).
    Removing system_stm32f4xx.o(.data), (4 bytes).

35 unused section(s) (total 794 bytes) removed from the image.

==============================================================================

Image Symbol Table

    Local Symbols

    Symbol Name                              Value     Ov Type        Size  Object(Section)

    ../clib/angel/boardlib.s                 0x00000000   Number         0  boardinit1.o ABSOLUTE
    ../clib/angel/boardlib.s                 0x00000000   Number         0  boardshut.o ABSOLUTE
    ../clib/angel/boardlib.s                 0x00000000   Number         0  boardinit2.o ABSOLUTE
    ../clib/angel/boardlib.s                 0x00000000   Number         0  boardinit3.o ABSOLUTE
    ../clib/angel/dclz77c.s                  0x00000000   Number         0  __dclz77c.o ABSOLUTE
    ../clib/angel/handlers.s                 0x00000000   Number         0  __scatter_zi.o ABSOLUTE
    ../clib/angel/kernel.s                   0x00000000   Number         0  __rtentry2.o ABSOLUTE
    ../clib/angel/kernel.s                   0x00000000   Number         0  rtexit.o ABSOLUTE
    ../clib/angel/kernel.s                   0x00000000   Number         0  rtexit2.o ABSOLUTE
    ../clib/angel/kernel.s                   0x00000000   Number         0  __rtentry.o ABSOLUTE
    ../clib/angel/kernel.s                   0x00000000   Number         0  __rtentry4.o ABSOLUTE
    ../clib/angel/rt.s                       0x00000000   Number         0  rt_locale_intlibspace.o ABSOLUTE
    ../clib/angel/rt.s                       0x00000000   Number         0  rt_raise.o ABSOLUTE
    ../clib/angel/rt.s                       0x00000000   Number         0  rt_locale.o ABSOLUTE
    ../clib/angel/scatter.s                  0x00000000   Number         0  __scatter.o ABSOLUTE
    ../clib/angel/startup.s                  0x00000000   Number         0  __main.o ABSOLUTE
    ../clib/angel/sys.s                      0x00000000   Number         0  use_no_semi.o ABSOLUTE
    ../clib/angel/sys.s                      0x00000000   Number         0  sys_stackheap_outer.o ABSOLUTE
    ../clib/angel/sys.s                      0x00000000   Number         0  libspace.o ABSOLUTE
    ../clib/angel/sys.s                      0x00000000   Number         0  indicate_semi.o ABSOLUTE
    ../clib/angel/sysapp.c                   0x00000000   Number         0  sys_wrch.o ABSOLUTE
    ../clib/angel/sysapp.c                   0x00000000   Number         0  sys_command.o ABSOLUTE
    ../clib/angel/sysapp.c                   0x00000000   Number         0  sys_exit.o ABSOLUTE
    ../clib/armsys.c                         0x00000000   Number         0  argv_veneer.o ABSOLUTE
    ../clib/armsys.c                         0x00000000   Number         0  _get_argv_nomalloc.o ABSOLUTE
    ../clib/armsys.c                         0x00000000   Number         0  no_argv.o ABSOLUTE
    ../clib/armsys.c                         0x00000000   Number         0  argv_veneer.o ABSOLUTE
    ../clib/bigflt.c                         0x00000000   Number         0  bigflt0.o ABSOLUTE
    ../clib/btod.s                           0x00000000   Number         0  btod.o ABSOLUTE
    ../clib/heapalloc.c                      0x00000000   Number         0  hrguard.o ABSOLUTE
    ../clib/heapaux.c                        0x00000000   Number         0  heapauxi.o ABSOLUTE
    ../clib/libinit.s                        0x00000000   Number         0  libinit.o ABSOLUTE
    ../clib/libinit.s                        0x00000000   Number         0  libshutdown2.o ABSOLUTE
    ../clib/libinit.s                        0x00000000   Number         0  libinit2.o ABSOLUTE
    ../clib/libinit.s                        0x00000000   Number         0  libshutdown.o ABSOLUTE
    ../clib/locale.s                         0x00000000   Number         0  lc_numeric_c.o ABSOLUTE
    ../clib/longlong.s                       0x00000000   Number         0  lludiv10.o ABSOLUTE
    ../clib/memcpset.s                       0x00000000   Number         0  strcmpv7m.o ABSOLUTE
    ../clib/misc.s                           0x00000000   Number         0  printf_stubs.o ABSOLUTE
    ../clib/printf.c                         0x00000000   Number         0  __printf_flags_ss.o ABSOLUTE
    ../clib/printf.c                         0x00000000   Number         0  __printf_ss.o ABSOLUTE
    ../clib/printf.c                         0x00000000   Number         0  __printf_flags.o ABSOLUTE
    ../clib/printf.c                         0x00000000   Number         0  _printf_pad.o ABSOLUTE
    ../clib/printf.c                         0x00000000   Number         0  __printf_nopercent.o ABSOLUTE
    ../clib/printf.c                         0x00000000   Number         0  _printf_fp_infnan.o ABSOLUTE
    ../clib/printf.c                         0x00000000   Number         0  __printf.o ABSOLUTE
    ../clib/printf.c                         0x00000000   Number         0  __printf_wp.o ABSOLUTE
    ../clib/printf.c                         0x00000000   Number         0  _printf_intcommon.o ABSOLUTE
    ../clib/printf.c                         0x00000000   Number         0  _printf_fp_dec.o ABSOLUTE
    ../clib/printf.c                         0x00000000   Number         0  __2sprintf.o ABSOLUTE
    ../clib/printf.c                         0x00000000   Number         0  _printf_str.o ABSOLUTE
    ../clib/printf.c                         0x00000000   Number         0  _printf_char.o ABSOLUTE
    ../clib/printf.c                         0x00000000   Number         0  __printf_flags_ss_wp.o ABSOLUTE
    ../clib/printf.c                         0x00000000   Number         0  _printf_dec.o ABSOLUTE
    ../clib/printf.c                         0x00000000   Number         0  _sputc.o ABSOLUTE
    ../clib/printf.c                         0x00000000   Number         0  __printf_ss_wp.o ABSOLUTE
    ../clib/printf.c                         0x00000000   Number         0  __printf_flags_wp.o ABSOLUTE
    ../clib/printf.c                         0x00000000   Number         0  _printf_char_common.o ABSOLUTE
    ../clib/printf.c                         0x00000000   Number         0  noretval__2sprintf.o ABSOLUTE
    ../clib/printf_percent.s                 0x00000000   Number         0  _printf_f.o ABSOLUTE
    ../clib/printf_percent.s                 0x00000000   Number         0  _printf_percent.o ABSOLUTE
    ../clib/printf_percent.s                 0x00000000   Number         0  _printf_percent_end.o ABSOLUTE
    ../clib/printf_percent.s                 0x00000000   Number         0  _printf_s.o ABSOLUTE
    ../clib/printf_percent.s                 0x00000000   Number         0  _printf_d.o ABSOLUTE
    ../clib/signal.c                         0x00000000   Number         0  defsig_cppl_inner.o ABSOLUTE
    ../clib/signal.c                         0x00000000   Number         0  defsig_general.o ABSOLUTE
    ../clib/signal.c                         0x00000000   Number         0  defsig_rtred_inner.o ABSOLUTE
    ../clib/signal.c                         0x00000000   Number         0  defsig_fpe_inner.o ABSOLUTE
    ../clib/signal.c                         0x00000000   Number         0  defsig_stak_inner.o ABSOLUTE
    ../clib/signal.c                         0x00000000   Number         0  defsig_other.o ABSOLUTE
    ../clib/signal.c                         0x00000000   Number         0  defsig_rtmem_inner.o ABSOLUTE
    ../clib/signal.c                         0x00000000   Number         0  defsig_rtmem_outer.o ABSOLUTE
    ../clib/signal.c                         0x00000000   Number         0  defsig_pvfn_inner.o ABSOLUTE
    ../clib/signal.c                         0x00000000   Number         0  defsig_exit.o ABSOLUTE
    ../clib/signal.c                         0x00000000   Number         0  __raise.o ABSOLUTE
    ../clib/signal.c                         0x00000000   Number         0  defsig_abrt_inner.o ABSOLUTE
    ../clib/signal.c                         0x00000000   Number         0  defsig_segv_inner.o ABSOLUTE
    ../clib/signal.c                         0x00000000   Number         0  defsig_rtmem_formal.o ABSOLUTE
    ../clib/signal.s                         0x00000000   Number         0  defsig.o ABSOLUTE
    ../clib/stdlib.c                         0x00000000   Number         0  exit.o ABSOLUTE
    ../fplib/daddsub.s                       0x00000000   Number         0  daddsub_clz.o ABSOLUTE
    ../fplib/ddiv.s                          0x00000000   Number         0  ddiv.o ABSOLUTE
    ../fplib/dflt.s                          0x00000000   Number         0  dflt_clz.o ABSOLUTE
    ../fplib/dmul.s                          0x00000000   Number         0  dmul.o ABSOLUTE
    ../fplib/dnaninf.s                       0x00000000   Number         0  dnaninf.o ABSOLUTE
    ../fplib/dretinf.s                       0x00000000   Number         0  dretinf.o ABSOLUTE
    ../fplib/fpinit.s                        0x00000000   Number         0  fpinit.o ABSOLUTE
    ../fplib/istatus.s                       0x00000000   Number         0  istatus.o ABSOLUTE
    ../fplib/printf1.s                       0x00000000   Number         0  printf1.o ABSOLUTE
    ../fplib/usenofp.s                       0x00000000   Number         0  usenofp.o ABSOLUTE
    ../mathlib/fpclassify.c                  0x00000000   Number         0  fpclassify.o ABSOLUTE
    CMSIS\\src\\system_stm32f4xx.c           0x00000000   Number         0  system_stm32f4xx.o ABSOLUTE
    CMSIS\src\system_stm32f4xx.c             0x00000000   Number         0  system_stm32f4xx.o ABSOLUTE
    Code\\src\\ADIS.c                        0x00000000   Number         0  adis.o ABSOLUTE
    Code\\src\\ADXL345.c                     0x00000000   Number         0  adxl345.o ABSOLUTE
    Code\\src\\L3GD20.c                      0x00000000   Number         0  l3gd20.o ABSOLUTE
    Code\\src\\LTDC.c                        0x00000000   Number         0  ltdc.o ABSOLUTE
    Code\\src\\RCC.c                         0x00000000   Number         0  rcc.o ABSOLUTE
    Code\\src\\SPI.c                         0x00000000   Number         0  spi.o ABSOLUTE
    Code\\src\\USART.c                       0x00000000   Number         0  usart.o ABSOLUTE
    Code\\src\\main.c                        0x00000000   Number         0  main.o ABSOLUTE
    Code\src\ADIS.c                          0x00000000   Number         0  adis.o ABSOLUTE
    Code\src\ADXL345.c                       0x00000000   Number         0  adxl345.o ABSOLUTE
    Code\src\L3GD20.c                        0x00000000   Number         0  l3gd20.o ABSOLUTE
    Code\src\LTDC.c                          0x00000000   Number         0  ltdc.o ABSOLUTE
    Code\src\RCC.c                           0x00000000   Number         0  rcc.o ABSOLUTE
    Code\src\SPI.c                           0x00000000   Number         0  spi.o ABSOLUTE
    Code\src\USART.c                         0x00000000   Number         0  usart.o ABSOLUTE
    Code\src\display.c                       0x00000000   Number         0  display.o ABSOLUTE
    Code\src\main.c                          0x00000000   Number         0  main.o ABSOLUTE
    StartUp\startup_stm32f429xx.s            0x00000000   Number         0  startup_stm32f429xx.o ABSOLUTE
    dc.s                                     0x00000000   Number         0  dc.o ABSOLUTE
    RESET                                    0x08000000   Section      428  startup_stm32f429xx.o(RESET)
    !!!main                                  0x080001ac   Section        8  __main.o(!!!main)
    !!!scatter                               0x080001b4   Section       52  __scatter.o(!!!scatter)
    !!dclz77c                                0x080001e8   Section      100  __dclz77c.o(!!dclz77c)
    !!handler_zi                             0x0800024c   Section       28  __scatter_zi.o(!!handler_zi)
    .ARM.Collect$$_printf_percent$$00000000  0x08000268   Section        0  _printf_percent.o(.ARM.Collect$$_printf_percent$$00000000)
    .ARM.Collect$$_printf_percent$$00000003  0x08000268   Section        6  _printf_f.o(.ARM.Collect$$_printf_percent$$00000003)
    .ARM.Collect$$_printf_percent$$00000009  0x0800026e   Section        6  _printf_d.o(.ARM.Collect$$_printf_percent$$00000009)
    .ARM.Collect$$_printf_percent$$00000014  0x08000274   Section        6  _printf_s.o(.ARM.Collect$$_printf_percent$$00000014)
    .ARM.Collect$$_printf_percent$$00000017  0x0800027a   Section        4  _printf_percent_end.o(.ARM.Collect$$_printf_percent$$00000017)
    .ARM.Collect$$libinit$$00000000          0x0800027e   Section        2  libinit.o(.ARM.Collect$$libinit$$00000000)
    .ARM.Collect$$libinit$$00000001          0x08000280   Section        4  libinit2.o(.ARM.Collect$$libinit$$00000001)
    .ARM.Collect$$libinit$$00000004          0x08000284   Section        0  libinit2.o(.ARM.Collect$$libinit$$00000004)
    .ARM.Collect$$libinit$$0000000A          0x08000284   Section        0  libinit2.o(.ARM.Collect$$libinit$$0000000A)
    .ARM.Collect$$libinit$$0000000C          0x08000284   Section        0  libinit2.o(.ARM.Collect$$libinit$$0000000C)
    .ARM.Collect$$libinit$$0000000E          0x08000284   Section        0  libinit2.o(.ARM.Collect$$libinit$$0000000E)
    .ARM.Collect$$libinit$$0000000F          0x08000284   Section        6  libinit2.o(.ARM.Collect$$libinit$$0000000F)
    .ARM.Collect$$libinit$$00000011          0x0800028a   Section        0  libinit2.o(.ARM.Collect$$libinit$$00000011)
    .ARM.Collect$$libinit$$00000013          0x0800028a   Section        0  libinit2.o(.ARM.Collect$$libinit$$00000013)
    .ARM.Collect$$libinit$$00000015          0x0800028a   Section        0  libinit2.o(.ARM.Collect$$libinit$$00000015)
    .ARM.Collect$$libinit$$00000016          0x0800028a   Section       10  libinit2.o(.ARM.Collect$$libinit$$00000016)
    .ARM.Collect$$libinit$$00000017          0x08000294   Section        0  libinit2.o(.ARM.Collect$$libinit$$00000017)
    .ARM.Collect$$libinit$$00000019          0x08000294   Section        0  libinit2.o(.ARM.Collect$$libinit$$00000019)
    .ARM.Collect$$libinit$$0000001B          0x08000294   Section        0  libinit2.o(.ARM.Collect$$libinit$$0000001B)
    .ARM.Collect$$libinit$$0000001D          0x08000294   Section        0  libinit2.o(.ARM.Collect$$libinit$$0000001D)
    .ARM.Collect$$libinit$$0000001F          0x08000294   Section        0  libinit2.o(.ARM.Collect$$libinit$$0000001F)
    .ARM.Collect$$libinit$$00000021          0x08000294   Section        0  libinit2.o(.ARM.Collect$$libinit$$00000021)
    .ARM.Collect$$libinit$$00000023          0x08000294   Section        0  libinit2.o(.ARM.Collect$$libinit$$00000023)
    .ARM.Collect$$libinit$$00000025          0x08000294   Section        0  libinit2.o(.ARM.Collect$$libinit$$00000025)
    .ARM.Collect$$libinit$$0000002C          0x08000294   Section        0  libinit2.o(.ARM.Collect$$libinit$$0000002C)
    .ARM.Collect$$libinit$$0000002E          0x08000294   Section        0  libinit2.o(.ARM.Collect$$libinit$$0000002E)
    .ARM.Collect$$libinit$$00000030          0x08000294   Section        0  libinit2.o(.ARM.Collect$$libinit$$00000030)
    .ARM.Collect$$libinit$$00000032          0x08000294   Section        0  libinit2.o(.ARM.Collect$$libinit$$00000032)
    .ARM.Collect$$libinit$$00000033          0x08000294   Section        2  libinit2.o(.ARM.Collect$$libinit$$00000033)
    .ARM.Collect$$libshutdown$$00000000      0x08000296   Section        2  libshutdown.o(.ARM.Collect$$libshutdown$$00000000)
    .ARM.Collect$$libshutdown$$00000002      0x08000298   Section        0  libshutdown2.o(.ARM.Collect$$libshutdown$$00000002)
    .ARM.Collect$$libshutdown$$00000004      0x08000298   Section        0  libshutdown2.o(.ARM.Collect$$libshutdown$$00000004)
    .ARM.Collect$$libshutdown$$00000007      0x08000298   Section        0  libshutdown2.o(.ARM.Collect$$libshutdown$$00000007)
    .ARM.Collect$$libshutdown$$0000000A      0x08000298   Section        0  libshutdown2.o(.ARM.Collect$$libshutdown$$0000000A)
    .ARM.Collect$$libshutdown$$0000000C      0x08000298   Section        0  libshutdown2.o(.ARM.Collect$$libshutdown$$0000000C)
    .ARM.Collect$$libshutdown$$0000000F      0x08000298   Section        0  libshutdown2.o(.ARM.Collect$$libshutdown$$0000000F)
    .ARM.Collect$$libshutdown$$00000010      0x08000298   Section        2  libshutdown2.o(.ARM.Collect$$libshutdown$$00000010)
    .ARM.Collect$$rtentry$$00000000          0x0800029a   Section        0  __rtentry.o(.ARM.Collect$$rtentry$$00000000)
    .ARM.Collect$$rtentry$$00000002          0x0800029a   Section        0  __rtentry2.o(.ARM.Collect$$rtentry$$00000002)
    .ARM.Collect$$rtentry$$00000004          0x0800029a   Section        6  __rtentry4.o(.ARM.Collect$$rtentry$$00000004)
    .ARM.Collect$$rtentry$$00000009          0x080002a0   Section        0  __rtentry2.o(.ARM.Collect$$rtentry$$00000009)
    .ARM.Collect$$rtentry$$0000000A          0x080002a0   Section        4  __rtentry2.o(.ARM.Collect$$rtentry$$0000000A)
    .ARM.Collect$$rtentry$$0000000C          0x080002a4   Section        0  __rtentry2.o(.ARM.Collect$$rtentry$$0000000C)
    .ARM.Collect$$rtentry$$0000000D          0x080002a4   Section        8  __rtentry2.o(.ARM.Collect$$rtentry$$0000000D)
    .ARM.Collect$$rtexit$$00000000           0x080002ac   Section        2  rtexit.o(.ARM.Collect$$rtexit$$00000000)
    .ARM.Collect$$rtexit$$00000002           0x080002ae   Section        0  rtexit2.o(.ARM.Collect$$rtexit$$00000002)
    .ARM.Collect$$rtexit$$00000003           0x080002ae   Section        4  rtexit2.o(.ARM.Collect$$rtexit$$00000003)
    .ARM.Collect$$rtexit$$00000004           0x080002b2   Section        6  rtexit2.o(.ARM.Collect$$rtexit$$00000004)
    .text                                    0x080002b8   Section       64  startup_stm32f429xx.o(.text)
    $v0                                      0x080002b8   Number         0  startup_stm32f429xx.o(.text)
    .text                                    0x080002f8   Section        0  noretval__2sprintf.o(.text)
    .text                                    0x08000320   Section        0  _printf_pad.o(.text)
    .text                                    0x0800036e   Section        0  _printf_str.o(.text)
    .text                                    0x080003c0   Section        0  _printf_dec.o(.text)
    .text                                    0x08000438   Section        0  __printf_wp.o(.text)
    .text                                    0x08000546   Section        0  heapauxi.o(.text)
    .text                                    0x0800054c   Section        0  _printf_intcommon.o(.text)
    .text                                    0x080005fe   Section        0  _printf_fp_dec.o(.text)
    _fp_digits                               0x08000601   Thumb Code   432  _printf_fp_dec.o(.text)
    .text                                    0x08000a1c   Section        0  _printf_char_common.o(.text)
    _printf_input_char                       0x08000a1d   Thumb Code    10  _printf_char_common.o(.text)
    .text                                    0x08000a4c   Section        0  _sputc.o(.text)
    .text                                    0x08000a56   Section        0  _printf_char.o(.text)
    .text                                    0x08000a84   Section        8  rt_locale_intlibspace.o(.text)
    .text                                    0x08000a8c   Section      138  lludiv10.o(.text)
    .text                                    0x08000b18   Section        0  _printf_fp_infnan.o(.text)
    .text                                    0x08000b98   Section        0  bigflt0.o(.text)
    .text                                    0x08000c7c   Section        8  libspace.o(.text)
    .text                                    0x08000c84   Section       74  sys_stackheap_outer.o(.text)
    .text                                    0x08000cce   Section        0  exit.o(.text)
    .text                                    0x08000ce0   Section      128  strcmpv7m.o(.text)
    .text                                    0x08000d60   Section        0  sys_exit.o(.text)
    .text                                    0x08000d6c   Section        2  use_no_semi.o(.text)
    .text                                    0x08000d6e   Section        0  indicate_semi.o(.text)
    CL$$btod_d2e                             0x08000d6e   Section       62  btod.o(CL$$btod_d2e)
    CL$$btod_d2e_denorm_low                  0x08000dac   Section       70  btod.o(CL$$btod_d2e_denorm_low)
    CL$$btod_d2e_norm_op1                    0x08000df2   Section       96  btod.o(CL$$btod_d2e_norm_op1)
    CL$$btod_div_common                      0x08000e52   Section      824  btod.o(CL$$btod_div_common)
    CL$$btod_e2e                             0x0800118a   Section      220  btod.o(CL$$btod_e2e)
    CL$$btod_ediv                            0x08001266   Section       42  btod.o(CL$$btod_ediv)
    CL$$btod_emul                            0x08001290   Section       42  btod.o(CL$$btod_emul)
    CL$$btod_mult_common                     0x080012ba   Section      580  btod.o(CL$$btod_mult_common)
    i.ADIS_Burst                             0x080014fe   Section        0  adis.o(i.ADIS_Burst)
    i.ADIS_Init                              0x0800154a   Section        0  adis.o(i.ADIS_Init)
    i.ADIS_View                              0x08001568   Section        0  main.o(i.ADIS_View)
    i.ADXL345_Burst                          0x080018c4   Section        0  adxl345.o(i.ADXL345_Burst)
    i.ADXL345_Init                           0x08001908   Section        0  adxl345.o(i.ADXL345_Init)
    i.ADXL345_Read                           0x0800197c   Section        0  adxl345.o(i.ADXL345_Read)
    i.ADXL345_View                           0x080019a0   Section        0  main.o(i.ADXL345_View)
    i.ADXL345_Write                          0x08001b9c   Section        0  adxl345.o(i.ADXL345_Write)
    i.CS_Off                                 0x08001bc0   Section        0  ltdc.o(i.CS_Off)
    i.CS_On                                  0x08001bd4   Section        0  ltdc.o(i.CS_On)
    i.ERROR                                  0x08001be8   Section        0  main.o(i.ERROR)
    i.EXT0_Init                              0x08001bec   Section        0  main.o(i.EXT0_Init)
    i.EXTI0_IRQHandler                       0x08001c48   Section        0  main.o(i.EXTI0_IRQHandler)
    i.L3GD20_Burst                           0x08001cb0   Section        0  l3gd20.o(i.L3GD20_Burst)
    i.L3GD20_Init                            0x08001cfc   Section        0  l3gd20.o(i.L3GD20_Init)
    i.L3GD20_Read                            0x08001d70   Section        0  l3gd20.o(i.L3GD20_Read)
    i.L3GD20_View                            0x08001d94   Section        0  main.o(i.L3GD20_View)
    i.L3GD20_Write                           0x08001f8c   Section        0  l3gd20.o(i.L3GD20_Write)
    i.LCD_WriteCommand                       0x08001fb0   Section        0  ltdc.o(i.LCD_WriteCommand)
    i.LCD_WriteData                          0x08001fe8   Section        0  ltdc.o(i.LCD_WriteData)
    i.LTDC_Init                              0x08002020   Section        0  ltdc.o(i.LTDC_Init)
    i.MCO_Init                               0x08002bbc   Section        0  rcc.o(i.MCO_Init)
    i.RCC_Init                               0x08002c60   Section        0  rcc.o(i.RCC_Init)
    i.SPI1_Init                              0x08002d84   Section        0  spi.o(i.SPI1_Init)
    i.SPI1_Read                              0x08002f30   Section        0  spi.o(i.SPI1_Read)
    i.SPI5_Init                              0x08002fcc   Section        0  spi.o(i.SPI5_Init)
    i.SPI5_Read                              0x08003120   Section        0  spi.o(i.SPI5_Read)
    i.SPI5_Write                             0x08003168   Section        0  spi.o(i.SPI5_Write)
    i.SystemInit                             0x080031a4   Section        0  system_stm32f4xx.o(i.SystemInit)
    i.TIM10_Init                             0x08003208   Section        0  main.o(i.TIM10_Init)
    i.TIM1_UP_TIM10_IRQHandler               0x08003258   Section        0  main.o(i.TIM1_UP_TIM10_IRQHandler)
    i.USART6_Init                            0x08003274   Section        0  usart.o(i.USART6_Init)
    i.USART6_sent                            0x08003390   Section        0  usart.o(i.USART6_sent)
    i.USART6_sentstr                         0x080033ac   Section        0  usart.o(i.USART6_sentstr)
    i.WRX_Off                                0x080033c8   Section        0  ltdc.o(i.WRX_Off)
    i.WRX_On                                 0x080033dc   Section        0  ltdc.o(i.WRX_On)
    i.__ARM_fpclassify                       0x080033f0   Section        0  fpclassify.o(i.__ARM_fpclassify)
    i.__NVIC_EnableIRQ                       0x08003420   Section        0  main.o(i.__NVIC_EnableIRQ)
    __NVIC_EnableIRQ                         0x08003421   Thumb Code    26  main.o(i.__NVIC_EnableIRQ)
    i._is_digit                              0x0800343a   Section        0  __printf_wp.o(i._is_digit)
    i.k_fill                                 0x08003448   Section        0  display.o(i.k_fill)
    i.k_print_string                         0x0800345c   Section        0  display.o(i.k_print_string)
    i.k_print_string_invers                  0x080034cc   Section        0  display.o(i.k_print_string_invers)
    i.k_printchar                            0x0800351c   Section        0  display.o(i.k_printchar)
    i.main                                   0x080035a4   Section        0  main.o(i.main)
    i.median                                 0x080036b4   Section        0  main.o(i.median)
    locale$$code                             0x080036dc   Section       44  lc_numeric_c.o(locale$$code)
    x$fpl$dadd                               0x08003708   Section      336  daddsub_clz.o(x$fpl$dadd)
    $v0                                      0x08003708   Number         0  daddsub_clz.o(x$fpl$dadd)
    _dadd1                                   0x08003719   Thumb Code     0  daddsub_clz.o(x$fpl$dadd)
    x$fpl$ddiv                               0x08003858   Section      688  ddiv.o(x$fpl$ddiv)
    $v0                                      0x08003858   Number         0  ddiv.o(x$fpl$ddiv)
    ddiv_entry                               0x0800385f   Thumb Code     0  ddiv.o(x$fpl$ddiv)
    x$fpl$dflt                               0x08003b08   Section       46  dflt_clz.o(x$fpl$dflt)
    $v0                                      0x08003b08   Number         0  dflt_clz.o(x$fpl$dflt)
    x$fpl$dmul                               0x08003b38   Section      340  dmul.o(x$fpl$dmul)
    $v0                                      0x08003b38   Number         0  dmul.o(x$fpl$dmul)
    x$fpl$dnaninf                            0x08003c8c   Section      156  dnaninf.o(x$fpl$dnaninf)
    $v0                                      0x08003c8c   Number         0  dnaninf.o(x$fpl$dnaninf)
    x$fpl$dretinf                            0x08003d28   Section       12  dretinf.o(x$fpl$dretinf)
    $v0                                      0x08003d28   Number         0  dretinf.o(x$fpl$dretinf)
    x$fpl$dsub                               0x08003d34   Section      468  daddsub_clz.o(x$fpl$dsub)
    $v0                                      0x08003d34   Number         0  daddsub_clz.o(x$fpl$dsub)
    _dsub1                                   0x08003d45   Thumb Code     0  daddsub_clz.o(x$fpl$dsub)
    x$fpl$fpinit                             0x08003f08   Section       10  fpinit.o(x$fpl$fpinit)
    $v0                                      0x08003f08   Number         0  fpinit.o(x$fpl$fpinit)
    x$fpl$printf1                            0x08003f12   Section        4  printf1.o(x$fpl$printf1)
    $v0                                      0x08003f12   Number         0  printf1.o(x$fpl$printf1)
    x$fpl$usenofp                            0x08003f16   Section        0  usenofp.o(x$fpl$usenofp)
    .constdata                               0x08003f18   Section      148  bigflt0.o(.constdata)
    tenpwrs_x                                0x08003f18   Data          60  bigflt0.o(.constdata)
    tenpwrs_i                                0x08003f54   Data          64  bigflt0.o(.constdata)
    .conststring                             0x08003fac   Section       68  main.o(.conststring)
    locale$$data                             0x08004010   Section       28  lc_numeric_c.o(locale$$data)
    __lcnum_c_name                           0x08004014   Data           2  lc_numeric_c.o(locale$$data)
    __lcnum_c_start                          0x0800401c   Data           0  lc_numeric_c.o(locale$$data)
    __lcnum_c_point                          0x08004028   Data           0  lc_numeric_c.o(locale$$data)
    __lcnum_c_thousands                      0x0800402a   Data           0  lc_numeric_c.o(locale$$data)
    __lcnum_c_grouping                       0x0800402b   Data           0  lc_numeric_c.o(locale$$data)
    __lcnum_c_end                            0x0800402c   Data           0  lc_numeric_c.o(locale$$data)
    .data                                    0x20000000   Section     8804  display.o(.data)
    .data                                    0x20002264   Section       86  main.o(.data)
    GET_DATA                                 0x20002264   Data           4  main.o(.data)
    .bss                                     0x200022bc   Section    153600  ltdc.o(.bss)
    .bss                                     0x20027abc   Section      375  main.o(.bss)
    .bss                                     0x20027c34   Section       96  libspace.o(.bss)
    HEAP                                     0x20027c98   Section      512  startup_stm32f429xx.o(HEAP)
    Heap_Mem                                 0x20027c98   Data         512  startup_stm32f429xx.o(HEAP)
    STACK                                    0x20027e98   Section     1024  startup_stm32f429xx.o(STACK)
    Stack_Mem                                0x20027e98   Data        1024  startup_stm32f429xx.o(STACK)
    __initial_sp                             0x20028298   Data           0  startup_stm32f429xx.o(STACK)

    Global Symbols

    Symbol Name                              Value     Ov Type        Size  Object(Section)

    BuildAttributes$$THM_ISAv4$E$P$D$K$B$S$7EM$VFPi3$EXTD16$VFPS$VFMA$PE$A:L22UL41UL21$X:L11$S22US41US21$IEEE1$IW$USESV6$~STKCKD$USESV7$~SHL$OTIME$ROPI$IEEEJ$EBA8$UX$STANDARDLIB$REQ8$PRES8$EABIv2 0x00000000   Number         0  anon$$obj.o ABSOLUTE
    __ARM_use_no_argv                        0x00000000   Number         0  main.o ABSOLUTE
    _printf_flags                            0x00000000   Number         0  printf_stubs.o ABSOLUTE
    _printf_return_value                     0x00000000   Number         0  printf_stubs.o ABSOLUTE
    _printf_sizespec                         0x00000000   Number         0  printf_stubs.o ABSOLUTE
    _printf_widthprec                        0x00000000   Number         0  printf_stubs.o ABSOLUTE
    __ARM_exceptions_init                     - Undefined Weak Reference
    __alloca_initialize                       - Undefined Weak Reference
    __arm_preinit_                            - Undefined Weak Reference
    __cpp_initialize__aeabi_                  - Undefined Weak Reference
    __cxa_finalize                            - Undefined Weak Reference
    __sigvec_lookup                           - Undefined Weak Reference
    _atexit_init                              - Undefined Weak Reference
    _call_atexit_fns                          - Undefined Weak Reference
    _clock_init                               - Undefined Weak Reference
    _fp_trap_init                             - Undefined Weak Reference
    _fp_trap_shutdown                         - Undefined Weak Reference
    _get_lc_collate                           - Undefined Weak Reference
    _get_lc_ctype                             - Undefined Weak Reference
    _get_lc_monetary                          - Undefined Weak Reference
    _get_lc_time                              - Undefined Weak Reference
    _getenv_init                              - Undefined Weak Reference
    _handle_redirection                       - Undefined Weak Reference
    _init_alloc                               - Undefined Weak Reference
    _init_user_alloc                          - Undefined Weak Reference
    _initio                                   - Undefined Weak Reference
    _printf_mbtowc                            - Undefined Weak Reference
    _printf_truncate_signed                   - Undefined Weak Reference
    _printf_truncate_unsigned                 - Undefined Weak Reference
    _rand_init                                - Undefined Weak Reference
    _signal_finish                            - Undefined Weak Reference
    _signal_init                              - Undefined Weak Reference
    _terminate_alloc                          - Undefined Weak Reference
    _terminate_user_alloc                     - Undefined Weak Reference
    _terminateio                              - Undefined Weak Reference
    __Vectors_Size                           0x000001ac   Number         0  startup_stm32f429xx.o ABSOLUTE
    __Vectors                                0x08000000   Data           4  startup_stm32f429xx.o(RESET)
    __Vectors_End                            0x080001ac   Data           0  startup_stm32f429xx.o(RESET)
    __main                                   0x080001ad   Thumb Code     8  __main.o(!!!main)
    __scatterload                            0x080001b5   Thumb Code     0  __scatter.o(!!!scatter)
    __scatterload_rt2                        0x080001b5   Thumb Code    44  __scatter.o(!!!scatter)
    __scatterload_rt2_thumb_only             0x080001b5   Thumb Code     0  __scatter.o(!!!scatter)
    __scatterload_null                       0x080001c3   Thumb Code     0  __scatter.o(!!!scatter)
    __decompress                             0x080001e9   Thumb Code   100  __dclz77c.o(!!dclz77c)
    __decompress2                            0x080001e9   Thumb Code     0  __dclz77c.o(!!dclz77c)
    __scatterload_zeroinit                   0x0800024d   Thumb Code    28  __scatter_zi.o(!!handler_zi)
    _printf_f                                0x08000269   Thumb Code     0  _printf_f.o(.ARM.Collect$$_printf_percent$$00000003)
    _printf_percent                          0x08000269   Thumb Code     0  _printf_percent.o(.ARM.Collect$$_printf_percent$$00000000)
    _printf_d                                0x0800026f   Thumb Code     0  _printf_d.o(.ARM.Collect$$_printf_percent$$00000009)
    _printf_s                                0x08000275   Thumb Code     0  _printf_s.o(.ARM.Collect$$_printf_percent$$00000014)
    _printf_percent_end                      0x0800027b   Thumb Code     0  _printf_percent_end.o(.ARM.Collect$$_printf_percent$$00000017)
    __rt_lib_init                            0x0800027f   Thumb Code     0  libinit.o(.ARM.Collect$$libinit$$00000000)
    __rt_lib_init_fp_1                       0x08000281   Thumb Code     0  libinit2.o(.ARM.Collect$$libinit$$00000001)
    __rt_lib_init_heap_1                     0x08000285   Thumb Code     0  libinit2.o(.ARM.Collect$$libinit$$0000000A)
    __rt_lib_init_lc_common                  0x08000285   Thumb Code     0  libinit2.o(.ARM.Collect$$libinit$$0000000F)
    __rt_lib_init_preinit_1                  0x08000285   Thumb Code     0  libinit2.o(.ARM.Collect$$libinit$$00000004)
    __rt_lib_init_rand_1                     0x08000285   Thumb Code     0  libinit2.o(.ARM.Collect$$libinit$$0000000E)
    __rt_lib_init_user_alloc_1               0x08000285   Thumb Code     0  libinit2.o(.ARM.Collect$$libinit$$0000000C)
    __rt_lib_init_lc_collate_1               0x0800028b   Thumb Code     0  libinit2.o(.ARM.Collect$$libinit$$00000011)
    __rt_lib_init_lc_ctype_1                 0x0800028b   Thumb Code     0  libinit2.o(.ARM.Collect$$libinit$$00000013)
    __rt_lib_init_lc_monetary_1              0x0800028b   Thumb Code     0  libinit2.o(.ARM.Collect$$libinit$$00000015)
    __rt_lib_init_lc_numeric_2               0x0800028b   Thumb Code     0  libinit2.o(.ARM.Collect$$libinit$$00000016)
    __rt_lib_init_alloca_1                   0x08000295   Thumb Code     0  libinit2.o(.ARM.Collect$$libinit$$0000002E)
    __rt_lib_init_argv_1                     0x08000295   Thumb Code     0  libinit2.o(.ARM.Collect$$libinit$$0000002C)
    __rt_lib_init_atexit_1                   0x08000295   Thumb Code     0  libinit2.o(.ARM.Collect$$libinit$$0000001B)
    __rt_lib_init_clock_1                    0x08000295   Thumb Code     0  libinit2.o(.ARM.Collect$$libinit$$00000021)
    __rt_lib_init_cpp_1                      0x08000295   Thumb Code     0  libinit2.o(.ARM.Collect$$libinit$$00000032)
    __rt_lib_init_exceptions_1               0x08000295   Thumb Code     0  libinit2.o(.ARM.Collect$$libinit$$00000030)
    __rt_lib_init_fp_trap_1                  0x08000295   Thumb Code     0  libinit2.o(.ARM.Collect$$libinit$$0000001F)
    __rt_lib_init_getenv_1                   0x08000295   Thumb Code     0  libinit2.o(.ARM.Collect$$libinit$$00000023)
    __rt_lib_init_lc_numeric_1               0x08000295   Thumb Code     0  libinit2.o(.ARM.Collect$$libinit$$00000017)
    __rt_lib_init_lc_time_1                  0x08000295   Thumb Code     0  libinit2.o(.ARM.Collect$$libinit$$00000019)
    __rt_lib_init_return                     0x08000295   Thumb Code     0  libinit2.o(.ARM.Collect$$libinit$$00000033)
    __rt_lib_init_signal_1                   0x08000295   Thumb Code     0  libinit2.o(.ARM.Collect$$libinit$$0000001D)
    __rt_lib_init_stdio_1                    0x08000295   Thumb Code     0  libinit2.o(.ARM.Collect$$libinit$$00000025)
    __rt_lib_shutdown                        0x08000297   Thumb Code     0  libshutdown.o(.ARM.Collect$$libshutdown$$00000000)
    __rt_lib_shutdown_cpp_1                  0x08000299   Thumb Code     0  libshutdown2.o(.ARM.Collect$$libshutdown$$00000002)
    __rt_lib_shutdown_fp_trap_1              0x08000299   Thumb Code     0  libshutdown2.o(.ARM.Collect$$libshutdown$$00000007)
    __rt_lib_shutdown_heap_1                 0x08000299   Thumb Code     0  libshutdown2.o(.ARM.Collect$$libshutdown$$0000000F)
    __rt_lib_shutdown_return                 0x08000299   Thumb Code     0  libshutdown2.o(.ARM.Collect$$libshutdown$$00000010)
    __rt_lib_shutdown_signal_1               0x08000299   Thumb Code     0  libshutdown2.o(.ARM.Collect$$libshutdown$$0000000A)
    __rt_lib_shutdown_stdio_1                0x08000299   Thumb Code     0  libshutdown2.o(.ARM.Collect$$libshutdown$$00000004)
    __rt_lib_shutdown_user_alloc_1           0x08000299   Thumb Code     0  libshutdown2.o(.ARM.Collect$$libshutdown$$0000000C)
    __rt_entry                               0x0800029b   Thumb Code     0  __rtentry.o(.ARM.Collect$$rtentry$$00000000)
    __rt_entry_presh_1                       0x0800029b   Thumb Code     0  __rtentry2.o(.ARM.Collect$$rtentry$$00000002)
    __rt_entry_sh                            0x0800029b   Thumb Code     0  __rtentry4.o(.ARM.Collect$$rtentry$$00000004)
    __rt_entry_li                            0x080002a1   Thumb Code     0  __rtentry2.o(.ARM.Collect$$rtentry$$0000000A)
    __rt_entry_postsh_1                      0x080002a1   Thumb Code     0  __rtentry2.o(.ARM.Collect$$rtentry$$00000009)
    __rt_entry_main                          0x080002a5   Thumb Code     0  __rtentry2.o(.ARM.Collect$$rtentry$$0000000D)
    __rt_entry_postli_1                      0x080002a5   Thumb Code     0  __rtentry2.o(.ARM.Collect$$rtentry$$0000000C)
    __rt_exit                                0x080002ad   Thumb Code     0  rtexit.o(.ARM.Collect$$rtexit$$00000000)
    __rt_exit_ls                             0x080002af   Thumb Code     0  rtexit2.o(.ARM.Collect$$rtexit$$00000003)
    __rt_exit_prels_1                        0x080002af   Thumb Code     0  rtexit2.o(.ARM.Collect$$rtexit$$00000002)
    __rt_exit_exit                           0x080002b3   Thumb Code     0  rtexit2.o(.ARM.Collect$$rtexit$$00000004)
    Reset_Handler                            0x080002b9   Thumb Code     8  startup_stm32f429xx.o(.text)
    NMI_Handler                              0x080002c1   Thumb Code     2  startup_stm32f429xx.o(.text)
    HardFault_Handler                        0x080002c3   Thumb Code     2  startup_stm32f429xx.o(.text)
    MemManage_Handler                        0x080002c5   Thumb Code     2  startup_stm32f429xx.o(.text)
    BusFault_Handler                         0x080002c7   Thumb Code     2  startup_stm32f429xx.o(.text)
    UsageFault_Handler                       0x080002c9   Thumb Code     2  startup_stm32f429xx.o(.text)
    SVC_Handler                              0x080002cb   Thumb Code     2  startup_stm32f429xx.o(.text)
    DebugMon_Handler                         0x080002cd   Thumb Code     2  startup_stm32f429xx.o(.text)
    PendSV_Handler                           0x080002cf   Thumb Code     2  startup_stm32f429xx.o(.text)
    SysTick_Handler                          0x080002d1   Thumb Code     2  startup_stm32f429xx.o(.text)
    ADC_IRQHandler                           0x080002d3   Thumb Code     0  startup_stm32f429xx.o(.text)
    CAN1_RX0_IRQHandler                      0x080002d3   Thumb Code     0  startup_stm32f429xx.o(.text)
    CAN1_RX1_IRQHandler                      0x080002d3   Thumb Code     0  startup_stm32f429xx.o(.text)
    CAN1_SCE_IRQHandler                      0x080002d3   Thumb Code     0  startup_stm32f429xx.o(.text)
    CAN1_TX_IRQHandler                       0x080002d3   Thumb Code     0  startup_stm32f429xx.o(.text)
    CAN2_RX0_IRQHandler                      0x080002d3   Thumb Code     0  startup_stm32f429xx.o(.text)
    CAN2_RX1_IRQHandler                      0x080002d3   Thumb Code     0  startup_stm32f429xx.o(.text)
    CAN2_SCE_IRQHandler                      0x080002d3   Thumb Code     0  startup_stm32f429xx.o(.text)
    CAN2_TX_IRQHandler                       0x080002d3   Thumb Code     0  startup_stm32f429xx.o(.text)
    DCMI_IRQHandler                          0x080002d3   Thumb Code     0  startup_stm32f429xx.o(.text)
    DMA1_Stream0_IRQHandler                  0x080002d3   Thumb Code     0  startup_stm32f429xx.o(.text)
    DMA1_Stream1_IRQHandler                  0x080002d3   Thumb Code     0  startup_stm32f429xx.o(.text)
    DMA1_Stream2_IRQHandler                  0x080002d3   Thumb Code     0  startup_stm32f429xx.o(.text)
    DMA1_Stream3_IRQHandler                  0x080002d3   Thumb Code     0  startup_stm32f429xx.o(.text)
    DMA1_Stream4_IRQHandler                  0x080002d3   Thumb Code     0  startup_stm32f429xx.o(.text)
    DMA1_Stream5_IRQHandler                  0x080002d3   Thumb Code     0  startup_stm32f429xx.o(.text)
    DMA1_Stream6_IRQHandler                  0x080002d3   Thumb Code     0  startup_stm32f429xx.o(.text)
    DMA1_Stream7_IRQHandler                  0x080002d3   Thumb Code     0  startup_stm32f429xx.o(.text)
    DMA2D_IRQHandler                         0x080002d3   Thumb Code     0  startup_stm32f429xx.o(.text)
    DMA2_Stream0_IRQHandler                  0x080002d3   Thumb Code     0  startup_stm32f429xx.o(.text)
    DMA2_Stream1_IRQHandler                  0x080002d3   Thumb Code     0  startup_stm32f429xx.o(.text)
    DMA2_Stream2_IRQHandler                  0x080002d3   Thumb Code     0  startup_stm32f429xx.o(.text)
    DMA2_Stream3_IRQHandler                  0x080002d3   Thumb Code     0  startup_stm32f429xx.o(.text)
    DMA2_Stream4_IRQHandler                  0x080002d3   Thumb Code     0  startup_stm32f429xx.o(.text)
    DMA2_Stream5_IRQHandler                  0x080002d3   Thumb Code     0  startup_stm32f429xx.o(.text)
    DMA2_Stream6_IRQHandler                  0x080002d3   Thumb Code     0  startup_stm32f429xx.o(.text)
    DMA2_Stream7_IRQHandler                  0x080002d3   Thumb Code     0  startup_stm32f429xx.o(.text)
    ETH_IRQHandler                           0x080002d3   Thumb Code     0  startup_stm32f429xx.o(.text)
    ETH_WKUP_IRQHandler                      0x080002d3   Thumb Code     0  startup_stm32f429xx.o(.text)
    EXTI15_10_IRQHandler                     0x080002d3   Thumb Code     0  startup_stm32f429xx.o(.text)
    EXTI1_IRQHandler                         0x080002d3   Thumb Code     0  startup_stm32f429xx.o(.text)
    EXTI2_IRQHandler                         0x080002d3   Thumb Code     0  startup_stm32f429xx.o(.text)
    EXTI3_IRQHandler                         0x080002d3   Thumb Code     0  startup_stm32f429xx.o(.text)
    EXTI4_IRQHandler                         0x080002d3   Thumb Code     0  startup_stm32f429xx.o(.text)
    EXTI9_5_IRQHandler                       0x080002d3   Thumb Code     0  startup_stm32f429xx.o(.text)
    FLASH_IRQHandler                         0x080002d3   Thumb Code     0  startup_stm32f429xx.o(.text)
    FMC_IRQHandler                           0x080002d3   Thumb Code     0  startup_stm32f429xx.o(.text)
    FPU_IRQHandler                           0x080002d3   Thumb Code     0  startup_stm32f429xx.o(.text)
    HASH_RNG_IRQHandler                      0x080002d3   Thumb Code     0  startup_stm32f429xx.o(.text)
    I2C1_ER_IRQHandler                       0x080002d3   Thumb Code     0  startup_stm32f429xx.o(.text)
    I2C1_EV_IRQHandler                       0x080002d3   Thumb Code     0  startup_stm32f429xx.o(.text)
    I2C2_ER_IRQHandler                       0x080002d3   Thumb Code     0  startup_stm32f429xx.o(.text)
    I2C2_EV_IRQHandler                       0x080002d3   Thumb Code     0  startup_stm32f429xx.o(.text)
    I2C3_ER_IRQHandler                       0x080002d3   Thumb Code     0  startup_stm32f429xx.o(.text)
    I2C3_EV_IRQHandler                       0x080002d3   Thumb Code     0  startup_stm32f429xx.o(.text)
    LTDC_ER_IRQHandler                       0x080002d3   Thumb Code     0  startup_stm32f429xx.o(.text)
    LTDC_IRQHandler                          0x080002d3   Thumb Code     0  startup_stm32f429xx.o(.text)
    OTG_FS_IRQHandler                        0x080002d3   Thumb Code     0  startup_stm32f429xx.o(.text)
    OTG_FS_WKUP_IRQHandler                   0x080002d3   Thumb Code     0  startup_stm32f429xx.o(.text)
    OTG_HS_EP1_IN_IRQHandler                 0x080002d3   Thumb Code     0  startup_stm32f429xx.o(.text)
    OTG_HS_EP1_OUT_IRQHandler                0x080002d3   Thumb Code     0  startup_stm32f429xx.o(.text)
    OTG_HS_IRQHandler                        0x080002d3   Thumb Code     0  startup_stm32f429xx.o(.text)
    OTG_HS_WKUP_IRQHandler                   0x080002d3   Thumb Code     0  startup_stm32f429xx.o(.text)
    PVD_IRQHandler                           0x080002d3   Thumb Code     0  startup_stm32f429xx.o(.text)
    RCC_IRQHandler                           0x080002d3   Thumb Code     0  startup_stm32f429xx.o(.text)
    RTC_Alarm_IRQHandler                     0x080002d3   Thumb Code     0  startup_stm32f429xx.o(.text)
    RTC_WKUP_IRQHandler                      0x080002d3   Thumb Code     0  startup_stm32f429xx.o(.text)
    SAI1_IRQHandler                          0x080002d3   Thumb Code     0  startup_stm32f429xx.o(.text)
    SDIO_IRQHandler                          0x080002d3   Thumb Code     0  startup_stm32f429xx.o(.text)
    SPI1_IRQHandler                          0x080002d3   Thumb Code     0  startup_stm32f429xx.o(.text)
    SPI2_IRQHandler                          0x080002d3   Thumb Code     0  startup_stm32f429xx.o(.text)
    SPI3_IRQHandler                          0x080002d3   Thumb Code     0  startup_stm32f429xx.o(.text)
    SPI4_IRQHandler                          0x080002d3   Thumb Code     0  startup_stm32f429xx.o(.text)
    SPI5_IRQHandler                          0x080002d3   Thumb Code     0  startup_stm32f429xx.o(.text)
    SPI6_IRQHandler                          0x080002d3   Thumb Code     0  startup_stm32f429xx.o(.text)
    TAMP_STAMP_IRQHandler                    0x080002d3   Thumb Code     0  startup_stm32f429xx.o(.text)
    TIM1_BRK_TIM9_IRQHandler                 0x080002d3   Thumb Code     0  startup_stm32f429xx.o(.text)
    TIM1_CC_IRQHandler                       0x080002d3   Thumb Code     0  startup_stm32f429xx.o(.text)
    TIM1_TRG_COM_TIM11_IRQHandler            0x080002d3   Thumb Code     0  startup_stm32f429xx.o(.text)
    TIM2_IRQHandler                          0x080002d3   Thumb Code     0  startup_stm32f429xx.o(.text)
    TIM3_IRQHandler                          0x080002d3   Thumb Code     0  startup_stm32f429xx.o(.text)
    TIM4_IRQHandler                          0x080002d3   Thumb Code     0  startup_stm32f429xx.o(.text)
    TIM5_IRQHandler                          0x080002d3   Thumb Code     0  startup_stm32f429xx.o(.text)
    TIM6_DAC_IRQHandler                      0x080002d3   Thumb Code     0  startup_stm32f429xx.o(.text)
    TIM7_IRQHandler                          0x080002d3   Thumb Code     0  startup_stm32f429xx.o(.text)
    TIM8_BRK_TIM12_IRQHandler                0x080002d3   Thumb Code     0  startup_stm32f429xx.o(.text)
    TIM8_CC_IRQHandler                       0x080002d3   Thumb Code     0  startup_stm32f429xx.o(.text)
    TIM8_TRG_COM_TIM14_IRQHandler            0x080002d3   Thumb Code     0  startup_stm32f429xx.o(.text)
    TIM8_UP_TIM13_IRQHandler                 0x080002d3   Thumb Code     0  startup_stm32f429xx.o(.text)
    UART4_IRQHandler                         0x080002d3   Thumb Code     0  startup_stm32f429xx.o(.text)
    UART5_IRQHandler                         0x080002d3   Thumb Code     0  startup_stm32f429xx.o(.text)
    UART7_IRQHandler                         0x080002d3   Thumb Code     0  startup_stm32f429xx.o(.text)
    UART8_IRQHandler                         0x080002d3   Thumb Code     0  startup_stm32f429xx.o(.text)
    USART1_IRQHandler                        0x080002d3   Thumb Code     0  startup_stm32f429xx.o(.text)
    USART2_IRQHandler                        0x080002d3   Thumb Code     0  startup_stm32f429xx.o(.text)
    USART3_IRQHandler                        0x080002d3   Thumb Code     0  startup_stm32f429xx.o(.text)
    USART6_IRQHandler                        0x080002d3   Thumb Code     0  startup_stm32f429xx.o(.text)
    WWDG_IRQHandler                          0x080002d3   Thumb Code     0  startup_stm32f429xx.o(.text)
    __user_initial_stackheap                 0x080002d5   Thumb Code     0  startup_stm32f429xx.o(.text)
    __2sprintf                               0x080002f9   Thumb Code    34  noretval__2sprintf.o(.text)
    _printf_pre_padding                      0x08000321   Thumb Code    44  _printf_pad.o(.text)
    _printf_post_padding                     0x0800034d   Thumb Code    34  _printf_pad.o(.text)
    _printf_str                              0x0800036f   Thumb Code    82  _printf_str.o(.text)
    _printf_int_dec                          0x080003c1   Thumb Code   104  _printf_dec.o(.text)
    __printf                                 0x08000439   Thumb Code   270  __printf_wp.o(.text)
    __use_two_region_memory                  0x08000547   Thumb Code     2  heapauxi.o(.text)
    __rt_heap_escrow$2region                 0x08000549   Thumb Code     2  heapauxi.o(.text)
    __rt_heap_expand$2region                 0x0800054b   Thumb Code     2  heapauxi.o(.text)
    _printf_int_common                       0x0800054d   Thumb Code   178  _printf_intcommon.o(.text)
    __lib_sel_fp_printf                      0x080005ff   Thumb Code     2  _printf_fp_dec.o(.text)
    _printf_fp_dec_real                      0x080007b1   Thumb Code   620  _printf_fp_dec.o(.text)
    _printf_char_common                      0x08000a27   Thumb Code    32  _printf_char_common.o(.text)
    _sputc                                   0x08000a4d   Thumb Code    10  _sputc.o(.text)
    _printf_cs_common                        0x08000a57   Thumb Code    20  _printf_char.o(.text)
    _printf_char                             0x08000a6b   Thumb Code    16  _printf_char.o(.text)
    _printf_string                           0x08000a7b   Thumb Code     8  _printf_char.o(.text)
    __rt_locale                              0x08000a85   Thumb Code     8  rt_locale_intlibspace.o(.text)
    _ll_udiv10                               0x08000a8d   Thumb Code   138  lludiv10.o(.text)
    _printf_fp_infnan                        0x08000b19   Thumb Code   112  _printf_fp_infnan.o(.text)
    _btod_etento                             0x08000b99   Thumb Code   224  bigflt0.o(.text)
    __user_libspace                          0x08000c7d   Thumb Code     8  libspace.o(.text)
    __user_perproc_libspace                  0x08000c7d   Thumb Code     0  libspace.o(.text)
    __user_perthread_libspace                0x08000c7d   Thumb Code     0  libspace.o(.text)
    __user_setup_stackheap                   0x08000c85   Thumb Code    74  sys_stackheap_outer.o(.text)
    exit                                     0x08000ccf   Thumb Code    18  exit.o(.text)
    strcmp                                   0x08000ce1   Thumb Code   128  strcmpv7m.o(.text)
    _sys_exit                                0x08000d61   Thumb Code     8  sys_exit.o(.text)
    __I$use$semihosting                      0x08000d6d   Thumb Code     0  use_no_semi.o(.text)
    __use_no_semihosting_swi                 0x08000d6d   Thumb Code     2  use_no_semi.o(.text)
    __semihosting_library_function           0x08000d6f   Thumb Code     0  indicate_semi.o(.text)
    _btod_d2e                                0x08000d6f   Thumb Code    62  btod.o(CL$$btod_d2e)
    _d2e_denorm_low                          0x08000dad   Thumb Code    70  btod.o(CL$$btod_d2e_denorm_low)
    _d2e_norm_op1                            0x08000df3   Thumb Code    96  btod.o(CL$$btod_d2e_norm_op1)
    __btod_div_common                        0x08000e53   Thumb Code   696  btod.o(CL$$btod_div_common)
    _e2e                                     0x0800118b   Thumb Code   220  btod.o(CL$$btod_e2e)
    _btod_ediv                               0x08001267   Thumb Code    42  btod.o(CL$$btod_ediv)
    _btod_emul                               0x08001291   Thumb Code    42  btod.o(CL$$btod_emul)
    __btod_mult_common                       0x080012bb   Thumb Code   580  btod.o(CL$$btod_mult_common)
    ADIS_Burst                               0x080014ff   Thumb Code    76  adis.o(i.ADIS_Burst)
    ADIS_Init                                0x0800154b   Thumb Code    30  adis.o(i.ADIS_Init)
    ADIS_View                                0x08001569   Thumb Code   710  main.o(i.ADIS_View)
    ADXL345_Burst                            0x080018c5   Thumb Code    66  adxl345.o(i.ADXL345_Burst)
    ADXL345_Init                             0x08001909   Thumb Code   106  adxl345.o(i.ADXL345_Init)
    ADXL345_Read                             0x0800197d   Thumb Code    30  adxl345.o(i.ADXL345_Read)
    ADXL345_View                             0x080019a1   Thumb Code   402  main.o(i.ADXL345_View)
    ADXL345_Write                            0x08001b9d   Thumb Code    30  adxl345.o(i.ADXL345_Write)
    CS_Off                                   0x08001bc1   Thumb Code    14  ltdc.o(i.CS_Off)
    CS_On                                    0x08001bd5   Thumb Code    14  ltdc.o(i.CS_On)
    ERROR                                    0x08001be9   Thumb Code     4  main.o(i.ERROR)
    EXT0_Init                                0x08001bed   Thumb Code    74  main.o(i.EXT0_Init)
    EXTI0_IRQHandler                         0x08001c49   Thumb Code    86  main.o(i.EXTI0_IRQHandler)
    L3GD20_Burst                             0x08001cb1   Thumb Code    76  l3gd20.o(i.L3GD20_Burst)
    L3GD20_Init                              0x08001cfd   Thumb Code   106  l3gd20.o(i.L3GD20_Init)
    L3GD20_Read                              0x08001d71   Thumb Code    30  l3gd20.o(i.L3GD20_Read)
    L3GD20_View                              0x08001d95   Thumb Code   402  main.o(i.L3GD20_View)
    L3GD20_Write                             0x08001f8d   Thumb Code    30  l3gd20.o(i.L3GD20_Write)
    LCD_WriteCommand                         0x08001fb1   Thumb Code    50  ltdc.o(i.LCD_WriteCommand)
    LCD_WriteData                            0x08001fe9   Thumb Code    50  ltdc.o(i.LCD_WriteData)
    LTDC_Init                                0x08002021   Thumb Code  2940  ltdc.o(i.LTDC_Init)
    MCO_Init                                 0x08002bbd   Thumb Code   152  rcc.o(i.MCO_Init)
    RCC_Init                                 0x08002c61   Thumb Code   284  rcc.o(i.RCC_Init)
    SPI1_Init                                0x08002d85   Thumb Code   410  spi.o(i.SPI1_Init)
    SPI1_Read                                0x08002f31   Thumb Code   148  spi.o(i.SPI1_Read)
    SPI5_Init                                0x08002fcd   Thumb Code   326  spi.o(i.SPI5_Init)
    SPI5_Read                                0x08003121   Thumb Code    66  spi.o(i.SPI5_Read)
    SPI5_Write                               0x08003169   Thumb Code    56  spi.o(i.SPI5_Write)
    SystemInit                               0x080031a5   Thumb Code    82  system_stm32f4xx.o(i.SystemInit)
    TIM10_Init                               0x08003209   Thumb Code    70  main.o(i.TIM10_Init)
    TIM1_UP_TIM10_IRQHandler                 0x08003259   Thumb Code    20  main.o(i.TIM1_UP_TIM10_IRQHandler)
    USART6_Init                              0x08003275   Thumb Code   272  usart.o(i.USART6_Init)
    USART6_sent                              0x08003391   Thumb Code    22  usart.o(i.USART6_sent)
    USART6_sentstr                           0x080033ad   Thumb Code    28  usart.o(i.USART6_sentstr)
    WRX_Off                                  0x080033c9   Thumb Code    14  ltdc.o(i.WRX_Off)
    WRX_On                                   0x080033dd   Thumb Code    14  ltdc.o(i.WRX_On)
    __ARM_fpclassify                         0x080033f1   Thumb Code    48  fpclassify.o(i.__ARM_fpclassify)
    _is_digit                                0x0800343b   Thumb Code    14  __printf_wp.o(i._is_digit)
    k_fill                                   0x08003449   Thumb Code    20  display.o(i.k_fill)
    k_print_string                           0x0800345d   Thumb Code   108  display.o(i.k_print_string)
    k_print_string_invers                    0x080034cd   Thumb Code    76  display.o(i.k_print_string_invers)
    k_printchar                              0x0800351d   Thumb Code   134  display.o(i.k_printchar)
    main                                     0x080035a5   Thumb Code   190  main.o(i.main)
    median                                   0x080036b5   Thumb Code    40  main.o(i.median)
    _get_lc_numeric                          0x080036dd   Thumb Code    44  lc_numeric_c.o(locale$$code)
    __aeabi_dadd                             0x08003709   Thumb Code     0  daddsub_clz.o(x$fpl$dadd)
    _dadd                                    0x08003709   Thumb Code   332  daddsub_clz.o(x$fpl$dadd)
    __aeabi_ddiv                             0x08003859   Thumb Code     0  ddiv.o(x$fpl$ddiv)
    _ddiv                                    0x08003859   Thumb Code   552  ddiv.o(x$fpl$ddiv)
    __aeabi_i2d                              0x08003b09   Thumb Code     0  dflt_clz.o(x$fpl$dflt)
    _dflt                                    0x08003b09   Thumb Code    46  dflt_clz.o(x$fpl$dflt)
    __aeabi_dmul                             0x08003b39   Thumb Code     0  dmul.o(x$fpl$dmul)
    _dmul                                    0x08003b39   Thumb Code   332  dmul.o(x$fpl$dmul)
    __fpl_dnaninf                            0x08003c8d   Thumb Code   156  dnaninf.o(x$fpl$dnaninf)
    __fpl_dretinf                            0x08003d29   Thumb Code    12  dretinf.o(x$fpl$dretinf)
    __aeabi_dsub                             0x08003d35   Thumb Code     0  daddsub_clz.o(x$fpl$dsub)
    _dsub                                    0x08003d35   Thumb Code   464  daddsub_clz.o(x$fpl$dsub)
    _fp_init                                 0x08003f09   Thumb Code    10  fpinit.o(x$fpl$fpinit)
    __fplib_config_fpu_vfp                   0x08003f11   Thumb Code     0  fpinit.o(x$fpl$fpinit)
    __fplib_config_pureend_doubles           0x08003f11   Thumb Code     0  fpinit.o(x$fpl$fpinit)
    _printf_fp_dec                           0x08003f13   Thumb Code     4  printf1.o(x$fpl$printf1)
    __I$use$fp                               0x08003f16   Number         0  usenofp.o(x$fpl$usenofp)
    Region$$Table$$Base                      0x08003ff0   Number         0  anon$$obj.o(Region$$Table)
    Region$$Table$$Limit                     0x08004010   Number         0  anon$$obj.o(Region$$Table)
    font_length                              0x20000000   Data           4  display.o(.data)
    A                                        0x20000004   Data        8800  display.o(.data)
    counters                                 0x20002268   Data          28  main.o(.data)
    corrent_counter                          0x20002284   Data           4  main.o(.data)
    samples_text                             0x20002288   Data          15  main.o(.data)
    speed_text                               0x20002297   Data          10  main.o(.data)
    acc_text                                 0x200022a1   Data          11  main.o(.data)
    temp_text                                0x200022ac   Data          14  main.o(.data)
    DISPLAY                                  0x200022bc   Data       153600  ltdc.o(.bss)
    ADIS_Res                                 0x20027abc   Data         125  main.o(.bss)
    L3GD20_Res                               0x20027b39   Data         125  main.o(.bss)
    ADXL345_Res                              0x20027bb6   Data         125  main.o(.bss)
    __libspace_start                         0x20027c34   Data          96  libspace.o(.bss)
    __temporary_stack_top$libspace           0x20027c94   Data           0  libspace.o(.bss)



==============================================================================

Memory Map of the image

  Image Entry point : 0x080001ad

  Load Region LR_IROM1 (Base: 0x08000000, Size: 0x000062e8, Max: 0x00200000, ABSOLUTE, COMPRESSED[0x00004b54])

    Execution Region ER_IROM1 (Exec base: 0x08000000, Load base: 0x08000000, Size: 0x0000402c, Max: 0x00200000, ABSOLUTE)

    Exec Addr    Load Addr    Size         Type   Attr      Idx    E Section Name        Object

    0x08000000   0x08000000   0x000001ac   Data   RO          565    RESET               startup_stm32f429xx.o
    0x080001ac   0x080001ac   0x00000008   Code   RO          610  * !!!main             c_w.l(__main.o)
    0x080001b4   0x080001b4   0x00000034   Code   RO          850    !!!scatter          c_w.l(__scatter.o)
    0x080001e8   0x080001e8   0x00000064   Code   RO          848    !!dclz77c           c_w.l(__dclz77c.o)
    0x0800024c   0x0800024c   0x0000001c   Code   RO          852    !!handler_zi        c_w.l(__scatter_zi.o)
    0x08000268   0x08000268   0x00000000   Code   RO          607    .ARM.Collect$$_printf_percent$$00000000  c_w.l(_printf_percent.o)
    0x08000268   0x08000268   0x00000006   Code   RO          606    .ARM.Collect$$_printf_percent$$00000003  c_w.l(_printf_f.o)
    0x0800026e   0x0800026e   0x00000006   Code   RO          605    .ARM.Collect$$_printf_percent$$00000009  c_w.l(_printf_d.o)
    0x08000274   0x08000274   0x00000006   Code   RO          604    .ARM.Collect$$_printf_percent$$00000014  c_w.l(_printf_s.o)
    0x0800027a   0x0800027a   0x00000004   Code   RO          643    .ARM.Collect$$_printf_percent$$00000017  c_w.l(_printf_percent_end.o)
    0x0800027e   0x0800027e   0x00000002   Code   RO          721    .ARM.Collect$$libinit$$00000000  c_w.l(libinit.o)
    0x08000280   0x08000280   0x00000004   Code   RO          722    .ARM.Collect$$libinit$$00000001  c_w.l(libinit2.o)
    0x08000284   0x08000284   0x00000000   Code   RO          725    .ARM.Collect$$libinit$$00000004  c_w.l(libinit2.o)
    0x08000284   0x08000284   0x00000000   Code   RO          728    .ARM.Collect$$libinit$$0000000A  c_w.l(libinit2.o)
    0x08000284   0x08000284   0x00000000   Code   RO          730    .ARM.Collect$$libinit$$0000000C  c_w.l(libinit2.o)
    0x08000284   0x08000284   0x00000000   Code   RO          732    .ARM.Collect$$libinit$$0000000E  c_w.l(libinit2.o)
    0x08000284   0x08000284   0x00000006   Code   RO          733    .ARM.Collect$$libinit$$0000000F  c_w.l(libinit2.o)
    0x0800028a   0x0800028a   0x00000000   Code   RO          735    .ARM.Collect$$libinit$$00000011  c_w.l(libinit2.o)
    0x0800028a   0x0800028a   0x00000000   Code   RO          737    .ARM.Collect$$libinit$$00000013  c_w.l(libinit2.o)
    0x0800028a   0x0800028a   0x00000000   Code   RO          739    .ARM.Collect$$libinit$$00000015  c_w.l(libinit2.o)
    0x0800028a   0x0800028a   0x0000000a   Code   RO          740    .ARM.Collect$$libinit$$00000016  c_w.l(libinit2.o)
    0x08000294   0x08000294   0x00000000   Code   RO          741    .ARM.Collect$$libinit$$00000017  c_w.l(libinit2.o)
    0x08000294   0x08000294   0x00000000   Code   RO          743    .ARM.Collect$$libinit$$00000019  c_w.l(libinit2.o)
    0x08000294   0x08000294   0x00000000   Code   RO          745    .ARM.Collect$$libinit$$0000001B  c_w.l(libinit2.o)
    0x08000294   0x08000294   0x00000000   Code   RO          747    .ARM.Collect$$libinit$$0000001D  c_w.l(libinit2.o)
    0x08000294   0x08000294   0x00000000   Code   RO          749    .ARM.Collect$$libinit$$0000001F  c_w.l(libinit2.o)
    0x08000294   0x08000294   0x00000000   Code   RO          751    .ARM.Collect$$libinit$$00000021  c_w.l(libinit2.o)
    0x08000294   0x08000294   0x00000000   Code   RO          753    .ARM.Collect$$libinit$$00000023  c_w.l(libinit2.o)
    0x08000294   0x08000294   0x00000000   Code   RO          755    .ARM.Collect$$libinit$$00000025  c_w.l(libinit2.o)
    0x08000294   0x08000294   0x00000000   Code   RO          759    .ARM.Collect$$libinit$$0000002C  c_w.l(libinit2.o)
    0x08000294   0x08000294   0x00000000   Code   RO          761    .ARM.Collect$$libinit$$0000002E  c_w.l(libinit2.o)
    0x08000294   0x08000294   0x00000000   Code   RO          763    .ARM.Collect$$libinit$$00000030  c_w.l(libinit2.o)
    0x08000294   0x08000294   0x00000000   Code   RO          765    .ARM.Collect$$libinit$$00000032  c_w.l(libinit2.o)
    0x08000294   0x08000294   0x00000002   Code   RO          766    .ARM.Collect$$libinit$$00000033  c_w.l(libinit2.o)
    0x08000296   0x08000296   0x00000002   Code   RO          796    .ARM.Collect$$libshutdown$$00000000  c_w.l(libshutdown.o)
    0x08000298   0x08000298   0x00000000   Code   RO          807    .ARM.Collect$$libshutdown$$00000002  c_w.l(libshutdown2.o)
    0x08000298   0x08000298   0x00000000   Code   RO          809    .ARM.Collect$$libshutdown$$00000004  c_w.l(libshutdown2.o)
    0x08000298   0x08000298   0x00000000   Code   RO          812    .ARM.Collect$$libshutdown$$00000007  c_w.l(libshutdown2.o)
    0x08000298   0x08000298   0x00000000   Code   RO          815    .ARM.Collect$$libshutdown$$0000000A  c_w.l(libshutdown2.o)
    0x08000298   0x08000298   0x00000000   Code   RO          817    .ARM.Collect$$libshutdown$$0000000C  c_w.l(libshutdown2.o)
    0x08000298   0x08000298   0x00000000   Code   RO          820    .ARM.Collect$$libshutdown$$0000000F  c_w.l(libshutdown2.o)
    0x08000298   0x08000298   0x00000002   Code   RO          821    .ARM.Collect$$libshutdown$$00000010  c_w.l(libshutdown2.o)
    0x0800029a   0x0800029a   0x00000000   Code   RO          632    .ARM.Collect$$rtentry$$00000000  c_w.l(__rtentry.o)
    0x0800029a   0x0800029a   0x00000000   Code   RO          650    .ARM.Collect$$rtentry$$00000002  c_w.l(__rtentry2.o)
    0x0800029a   0x0800029a   0x00000006   Code   RO          662    .ARM.Collect$$rtentry$$00000004  c_w.l(__rtentry4.o)
    0x080002a0   0x080002a0   0x00000000   Code   RO          652    .ARM.Collect$$rtentry$$00000009  c_w.l(__rtentry2.o)
    0x080002a0   0x080002a0   0x00000004   Code   RO          653    .ARM.Collect$$rtentry$$0000000A  c_w.l(__rtentry2.o)
    0x080002a4   0x080002a4   0x00000000   Code   RO          655    .ARM.Collect$$rtentry$$0000000C  c_w.l(__rtentry2.o)
    0x080002a4   0x080002a4   0x00000008   Code   RO          656    .ARM.Collect$$rtentry$$0000000D  c_w.l(__rtentry2.o)
    0x080002ac   0x080002ac   0x00000002   Code   RO          767    .ARM.Collect$$rtexit$$00000000  c_w.l(rtexit.o)
    0x080002ae   0x080002ae   0x00000000   Code   RO          774    .ARM.Collect$$rtexit$$00000002  c_w.l(rtexit2.o)
    0x080002ae   0x080002ae   0x00000004   Code   RO          775    .ARM.Collect$$rtexit$$00000003  c_w.l(rtexit2.o)
    0x080002b2   0x080002b2   0x00000006   Code   RO          776    .ARM.Collect$$rtexit$$00000004  c_w.l(rtexit2.o)
    0x080002b8   0x080002b8   0x00000040   Code   RO          566    .text               startup_stm32f429xx.o
    0x080002f8   0x080002f8   0x00000028   Code   RO          574    .text               c_w.l(noretval__2sprintf.o)
    0x08000320   0x08000320   0x0000004e   Code   RO          578    .text               c_w.l(_printf_pad.o)
    0x0800036e   0x0800036e   0x00000052   Code   RO          580    .text               c_w.l(_printf_str.o)
    0x080003c0   0x080003c0   0x00000078   Code   RO          582    .text               c_w.l(_printf_dec.o)
    0x08000438   0x08000438   0x0000010e   Code   RO          592    .text               c_w.l(__printf_wp.o)
    0x08000546   0x08000546   0x00000006   Code   RO          608    .text               c_w.l(heapauxi.o)
    0x0800054c   0x0800054c   0x000000b2   Code   RO          633    .text               c_w.l(_printf_intcommon.o)
    0x080005fe   0x080005fe   0x0000041e   Code   RO          635    .text               c_w.l(_printf_fp_dec.o)
    0x08000a1c   0x08000a1c   0x00000030   Code   RO          637    .text               c_w.l(_printf_char_common.o)
    0x08000a4c   0x08000a4c   0x0000000a   Code   RO          639    .text               c_w.l(_sputc.o)
    0x08000a56   0x08000a56   0x0000002c   Code   RO          641    .text               c_w.l(_printf_char.o)
    0x08000a82   0x08000a82   0x00000002   PAD
    0x08000a84   0x08000a84   0x00000008   Code   RO          667    .text               c_w.l(rt_locale_intlibspace.o)
    0x08000a8c   0x08000a8c   0x0000008a   Code   RO          669    .text               c_w.l(lludiv10.o)
    0x08000b16   0x08000b16   0x00000002   PAD
    0x08000b18   0x08000b18   0x00000080   Code   RO          671    .text               c_w.l(_printf_fp_infnan.o)
    0x08000b98   0x08000b98   0x000000e4   Code   RO          675    .text               c_w.l(bigflt0.o)
    0x08000c7c   0x08000c7c   0x00000008   Code   RO          707    .text               c_w.l(libspace.o)
    0x08000c84   0x08000c84   0x0000004a   Code   RO          710    .text               c_w.l(sys_stackheap_outer.o)
    0x08000cce   0x08000cce   0x00000012   Code   RO          712    .text               c_w.l(exit.o)
    0x08000ce0   0x08000ce0   0x00000080   Code   RO          714    .text               c_w.l(strcmpv7m.o)
    0x08000d60   0x08000d60   0x0000000c   Code   RO          786    .text               c_w.l(sys_exit.o)
    0x08000d6c   0x08000d6c   0x00000002   Code   RO          797    .text               c_w.l(use_no_semi.o)
    0x08000d6e   0x08000d6e   0x00000000   Code   RO          799    .text               c_w.l(indicate_semi.o)
    0x08000d6e   0x08000d6e   0x0000003e   Code   RO          678    CL$$btod_d2e        c_w.l(btod.o)
    0x08000dac   0x08000dac   0x00000046   Code   RO          680    CL$$btod_d2e_denorm_low  c_w.l(btod.o)
    0x08000df2   0x08000df2   0x00000060   Code   RO          679    CL$$btod_d2e_norm_op1  c_w.l(btod.o)
    0x08000e52   0x08000e52   0x00000338   Code   RO          688    CL$$btod_div_common  c_w.l(btod.o)
    0x0800118a   0x0800118a   0x000000dc   Code   RO          685    CL$$btod_e2e        c_w.l(btod.o)
    0x08001266   0x08001266   0x0000002a   Code   RO          682    CL$$btod_ediv       c_w.l(btod.o)
    0x08001290   0x08001290   0x0000002a   Code   RO          681    CL$$btod_emul       c_w.l(btod.o)
    0x080012ba   0x080012ba   0x00000244   Code   RO          687    CL$$btod_mult_common  c_w.l(btod.o)
    0x080014fe   0x080014fe   0x0000004c   Code   RO            4    i.ADIS_Burst        adis.o
    0x0800154a   0x0800154a   0x0000001e   Code   RO            5    i.ADIS_Init         adis.o
    0x08001568   0x08001568   0x0000035c   Code   RO          200    i.ADIS_View         main.o
    0x080018c4   0x080018c4   0x00000042   Code   RO          441    i.ADXL345_Burst     adxl345.o
    0x08001906   0x08001906   0x00000002   PAD
    0x08001908   0x08001908   0x00000074   Code   RO          442    i.ADXL345_Init      adxl345.o
    0x0800197c   0x0800197c   0x00000024   Code   RO          443    i.ADXL345_Read      adxl345.o
    0x080019a0   0x080019a0   0x000001fc   Code   RO          201    i.ADXL345_View      main.o
    0x08001b9c   0x08001b9c   0x00000024   Code   RO          444    i.ADXL345_Write     adxl345.o
    0x08001bc0   0x08001bc0   0x00000014   Code   RO          134    i.CS_Off            ltdc.o
    0x08001bd4   0x08001bd4   0x00000014   Code   RO          135    i.CS_On             ltdc.o
    0x08001be8   0x08001be8   0x00000004   Code   RO          202    i.ERROR             main.o
    0x08001bec   0x08001bec   0x0000005c   Code   RO          203    i.EXT0_Init         main.o
    0x08001c48   0x08001c48   0x00000068   Code   RO          204    i.EXTI0_IRQHandler  main.o
    0x08001cb0   0x08001cb0   0x0000004c   Code   RO          399    i.L3GD20_Burst      l3gd20.o
    0x08001cfc   0x08001cfc   0x00000074   Code   RO          400    i.L3GD20_Init       l3gd20.o
    0x08001d70   0x08001d70   0x00000024   Code   RO          401    i.L3GD20_Read       l3gd20.o
    0x08001d94   0x08001d94   0x000001f8   Code   RO          205    i.L3GD20_View       main.o
    0x08001f8c   0x08001f8c   0x00000024   Code   RO          402    i.L3GD20_Write      l3gd20.o
    0x08001fb0   0x08001fb0   0x00000038   Code   RO          136    i.LCD_WriteCommand  ltdc.o
    0x08001fe8   0x08001fe8   0x00000038   Code   RO          137    i.LCD_WriteData     ltdc.o
    0x08002020   0x08002020   0x00000b9c   Code   RO          138    i.LTDC_Init         ltdc.o
    0x08002bbc   0x08002bbc   0x000000a4   Code   RO          315    i.MCO_Init          rcc.o
    0x08002c60   0x08002c60   0x00000124   Code   RO          316    i.RCC_Init          rcc.o
    0x08002d84   0x08002d84   0x000001ac   Code   RO          345    i.SPI1_Init         spi.o
    0x08002f30   0x08002f30   0x0000009c   Code   RO          346    i.SPI1_Read         spi.o
    0x08002fcc   0x08002fcc   0x00000154   Code   RO          348    i.SPI5_Init         spi.o
    0x08003120   0x08003120   0x00000048   Code   RO          349    i.SPI5_Read         spi.o
    0x08003168   0x08003168   0x0000003c   Code   RO          350    i.SPI5_Write        spi.o
    0x080031a4   0x080031a4   0x00000064   Code   RO          520    i.SystemInit        system_stm32f4xx.o
    0x08003208   0x08003208   0x00000050   Code   RO          206    i.TIM10_Init        main.o
    0x08003258   0x08003258   0x0000001c   Code   RO          207    i.TIM1_UP_TIM10_IRQHandler  main.o
    0x08003274   0x08003274   0x0000011c   Code   RO          483    i.USART6_Init       usart.o
    0x08003390   0x08003390   0x0000001c   Code   RO          484    i.USART6_sent       usart.o
    0x080033ac   0x080033ac   0x0000001c   Code   RO          485    i.USART6_sentstr    usart.o
    0x080033c8   0x080033c8   0x00000014   Code   RO          139    i.WRX_Off           ltdc.o
    0x080033dc   0x080033dc   0x00000014   Code   RO          140    i.WRX_On            ltdc.o
    0x080033f0   0x080033f0   0x00000030   Code   RO          705    i.__ARM_fpclassify  m_wm.l(fpclassify.o)
    0x08003420   0x08003420   0x0000001a   Code   RO          208    i.__NVIC_EnableIRQ  main.o
    0x0800343a   0x0800343a   0x0000000e   Code   RO          594    i._is_digit         c_w.l(__printf_wp.o)
    0x08003448   0x08003448   0x00000014   Code   RO           72    i.k_fill            display.o
    0x0800345c   0x0800345c   0x00000070   Code   RO           73    i.k_print_string    display.o
    0x080034cc   0x080034cc   0x00000050   Code   RO           74    i.k_print_string_invers  display.o
    0x0800351c   0x0800351c   0x00000086   Code   RO           75    i.k_printchar       display.o
    0x080035a2   0x080035a2   0x00000002   PAD
    0x080035a4   0x080035a4   0x00000110   Code   RO          209    i.main              main.o
    0x080036b4   0x080036b4   0x00000028   Code   RO          210    i.median            main.o
    0x080036dc   0x080036dc   0x0000002c   Code   RO          701    locale$$code        c_w.l(lc_numeric_c.o)
    0x08003708   0x08003708   0x00000150   Code   RO          612    x$fpl$dadd          fz_wm.l(daddsub_clz.o)
    0x08003858   0x08003858   0x000002b0   Code   RO          619    x$fpl$ddiv          fz_wm.l(ddiv.o)
    0x08003b08   0x08003b08   0x0000002e   Code   RO          623    x$fpl$dflt          fz_wm.l(dflt_clz.o)
    0x08003b36   0x08003b36   0x00000002   PAD
    0x08003b38   0x08003b38   0x00000154   Code   RO          628    x$fpl$dmul          fz_wm.l(dmul.o)
    0x08003c8c   0x08003c8c   0x0000009c   Code   RO          644    x$fpl$dnaninf       fz_wm.l(dnaninf.o)
    0x08003d28   0x08003d28   0x0000000c   Code   RO          646    x$fpl$dretinf       fz_wm.l(dretinf.o)
    0x08003d34   0x08003d34   0x000001d4   Code   RO          614    x$fpl$dsub          fz_wm.l(daddsub_clz.o)
    0x08003f08   0x08003f08   0x0000000a   Code   RO          771    x$fpl$fpinit        fz_wm.l(fpinit.o)
    0x08003f12   0x08003f12   0x00000004   Code   RO          630    x$fpl$printf1       fz_wm.l(printf1.o)
    0x08003f16   0x08003f16   0x00000000   Code   RO          648    x$fpl$usenofp       fz_wm.l(usenofp.o)
    0x08003f16   0x08003f16   0x00000002   PAD
    0x08003f18   0x08003f18   0x00000094   Data   RO          676    .constdata          c_w.l(bigflt0.o)
    0x08003fac   0x08003fac   0x00000044   Data   RO          212    .conststring        main.o
    0x08003ff0   0x08003ff0   0x00000020   Data   RO          846    Region$$Table       anon$$obj.o
    0x08004010   0x08004010   0x0000001c   Data   RO          700    locale$$data        c_w.l(lc_numeric_c.o)


    Execution Region RW_IRAM1 (Exec base: 0x20000000, Load base: 0x0800402c, Size: 0x00028298, Max: 0x00030000, ABSOLUTE, COMPRESSED[0x00000b28])

    Exec Addr    Load Addr    Size         Type   Attr      Idx    E Section Name        Object

    0x20000000   COMPRESSED   0x00002264   Data   RW           78    .data               display.o
    0x20002264   COMPRESSED   0x00000056   Data   RW          213    .data               main.o
    0x200022ba   COMPRESSED   0x00000002   PAD
    0x200022bc        -       0x00025800   Zero   RW          141    .bss                ltdc.o
    0x20027abc        -       0x00000177   Zero   RW          211    .bss                main.o
    0x20027c33   COMPRESSED   0x00000001   PAD
    0x20027c34        -       0x00000060   Zero   RW          708    .bss                c_w.l(libspace.o)
    0x20027c94   COMPRESSED   0x00000004   PAD
    0x20027c98        -       0x00000200   Zero   RW          564    HEAP                startup_stm32f429xx.o
    0x20027e98        -       0x00000400   Zero   RW          563    STACK               startup_stm32f429xx.o


==============================================================================

Image component sizes


      Code (inc. data)   RO Data    RW Data    ZI Data      Debug   Object Name

       106          0          0          0          0     616129   adis.o
       254         22          0          0          0       2818   adxl345.o
       346          8          0       8804          0       3884   display.o
       264         22          0          0          0       2802   l3gd20.o
      3164        108          0          0     153600       5365   ltdc.o
      2518        494         68         86        375      37985   main.o
       456         20          0          0          0       1018   rcc.o
      1056         50          0          0          0       2873   spi.o
        64         26        428          0       1536        820   startup_stm32f429xx.o
       100         18          0          0          0        501   system_stm32f4xx.o
       340         18          0          0          0       1673   usart.o

    ----------------------------------------------------------------------
      8672        786        528       8892     155512     675868   Object Totals
         0          0         32          0          0          0   (incl. Generated)
         4          0          0          2          1          0   (incl. Padding)

    ----------------------------------------------------------------------

      Code (inc. data)   RO Data    RW Data    ZI Data      Debug   Library Member Name

       100          0          0          0          0          0   __dclz77c.o
         8          0          0          0          0         68   __main.o
       284          0          0          0          0        156   __printf_wp.o
         0          0          0          0          0          0   __rtentry.o
        12          0          0          0          0          0   __rtentry2.o
         6          0          0          0          0          0   __rtentry4.o
        52          8          0          0          0          0   __scatter.o
        28          0          0          0          0          0   __scatter_zi.o
        44          0          0          0          0        108   _printf_char.o
        48          6          0          0          0         96   _printf_char_common.o
         6          0          0          0          0          0   _printf_d.o
       120         16          0          0          0         92   _printf_dec.o
         6          0          0          0          0          0   _printf_f.o
      1054          0          0          0          0        216   _printf_fp_dec.o
       128         16          0          0          0         84   _printf_fp_infnan.o
       178          0          0          0          0         88   _printf_intcommon.o
        78          0          0          0          0        108   _printf_pad.o
         0          0          0          0          0          0   _printf_percent.o
         4          0          0          0          0          0   _printf_percent_end.o
         6          0          0          0          0          0   _printf_s.o
        82          0          0          0          0         80   _printf_str.o
        10          0          0          0          0         68   _sputc.o
       228          4        148          0          0         96   bigflt0.o
      1936        128          0          0          0        672   btod.o
        18          0          0          0          0         80   exit.o
         6          0          0          0          0        152   heapauxi.o
         0          0          0          0          0          0   indicate_semi.o
        44         10         28          0          0         76   lc_numeric_c.o
         2          0          0          0          0          0   libinit.o
        22          0          0          0          0          0   libinit2.o
         2          0          0          0          0          0   libshutdown.o
         2          0          0          0          0          0   libshutdown2.o
         8          4          0          0         96         68   libspace.o
       138          0          0          0          0         80   lludiv10.o
        40          6          0          0          0         84   noretval__2sprintf.o
         8          4          0          0          0         68   rt_locale_intlibspace.o
         2          0          0          0          0          0   rtexit.o
        10          0          0          0          0          0   rtexit2.o
       128          0          0          0          0         68   strcmpv7m.o
        12          4          0          0          0         68   sys_exit.o
        74          0          0          0          0         80   sys_stackheap_outer.o
         2          0          0          0          0         68   use_no_semi.o
       804         16          0          0          0        368   daddsub_clz.o
       688        140          0          0          0        256   ddiv.o
        46          0          0          0          0        116   dflt_clz.o
       340         12          0          0          0        152   dmul.o
       156          4          0          0          0        140   dnaninf.o
        12          0          0          0          0        116   dretinf.o
        10          0          0          0          0        116   fpinit.o
         4          0          0          0          0        116   printf1.o
         0          0          0          0          0          0   usenofp.o
        48          0          0          0          0        124   fpclassify.o

    ----------------------------------------------------------------------
      7052        378        176          0        100       4328   Library Totals
         8          0          0          0          4          0   (incl. Padding)

    ----------------------------------------------------------------------

      Code (inc. data)   RO Data    RW Data    ZI Data      Debug   Library Name

      4936        206        176          0         96       2824   c_w.l
      2060        172          0          0          0       1380   fz_wm.l
        48          0          0          0          0        124   m_wm.l

    ----------------------------------------------------------------------
      7052        378        176          0        100       4328   Library Totals

    ----------------------------------------------------------------------

==============================================================================


      Code (inc. data)   RO Data    RW Data    ZI Data      Debug   

     15724       1164        704       8892     155612     673988   Grand Totals
     15724       1164        704       2856     155612     673988   ELF Image Totals (compressed)
     15724       1164        704       2856          0          0   ROM Totals

==============================================================================

    Total RO  Size (Code + RO Data)                16428 (  16.04kB)
    Total RW  Size (RW Data + ZI Data)            164504 ( 160.65kB)
    Total ROM Size (Code + RO Data + RW Data)      19284 (  18.83kB)

==============================================================================

